Archive member included to satisfy reference by file (symbol)

.\CortexM3\ARM_GCC_541\Debug\SensorDistancia.a(UART.o)
                              .\CortexM3\ARM_GCC_541\Debug\main.o (UART_Start)
.\CortexM3\ARM_GCC_541\Debug\SensorDistancia.a(IRQRX.o)
                              .\CortexM3\ARM_GCC_541\Debug\main.o (IRQRX_StartEx)
.\CortexM3\ARM_GCC_541\Debug\SensorDistancia.a(I2C.o)
                              .\CortexM3\ARM_GCC_541\Debug\GP2Y0E03.o (I2C_Start)
.\CortexM3\ARM_GCC_541\Debug\SensorDistancia.a(I2C_INT.o)
                              .\CortexM3\ARM_GCC_541\Debug\SensorDistancia.a(I2C.o) (I2C_ISR)
.\CortexM3\ARM_GCC_541\Debug\SensorDistancia.a(I2C_PM.o)
                              .\CortexM3\ARM_GCC_541\Debug\SensorDistancia.a(I2C.o) (I2C_backup)
.\CortexM3\ARM_GCC_541\Debug\SensorDistancia.a(I2C_MASTER.o)
                              .\CortexM3\ARM_GCC_541\Debug\SensorDistancia.a(I2C.o) (I2C_mstrStatus)
.\CortexM3\ARM_GCC_541\Debug\SensorDistancia.a(UART_IntClock.o)
                              .\CortexM3\ARM_GCC_541\Debug\SensorDistancia.a(UART.o) (UART_IntClock_Start)
.\CortexM3\ARM_GCC_541\Debug\SensorDistancia.a(CyLib.o)
                              .\CortexM3\ARM_GCC_541\Debug\Cm3Start.o (CyHalt)
.\CortexM3\ARM_GCC_541\Debug\SensorDistancia.a(cyPm.o)
                              .\CortexM3\ARM_GCC_541\Debug\SensorDistancia.a(CyLib.o) (CyPmReadStatus)
.\CortexM3\ARM_GCC_541\Debug\SensorDistancia.a(VDAC8.o)
                              .\CortexM3\ARM_GCC_541\Debug\GP2Y0E03.o (VDAC8_SetValue)
.\CortexM3\ARM_GCC_541\Debug\SensorDistancia.a(CyBootAsmGnu.o)
                              .\CortexM3\ARM_GCC_541\Debug\cyfitter_cfg.o (CyDelayCycles)
.\CortexM3\ARM_GCC_541\Debug\SensorDistancia.a(CyFlash.o)
                              .\CortexM3\ARM_GCC_541\Debug\SensorDistancia.a(cyPm.o) (CyFlash_SetWaitCycles)
.\CortexM3\ARM_GCC_541\Debug\SensorDistancia.a(CySpc.o)
                              .\CortexM3\ARM_GCC_541\Debug\SensorDistancia.a(CyFlash.o) (CySpcStart)
c:/program files (x86)/cypress/psoc creator/4.2/psoc creator/import/gnu/arm/5.4.1/bin/../lib/gcc/arm-none-eabi/5.4.1/../../../../arm-none-eabi/lib/armv7-m\libg_nano.a(lib_a-errno.o)
                              .\CortexM3\ARM_GCC_541\Debug\Cm3Start.o (__errno)
c:/program files (x86)/cypress/psoc creator/4.2/psoc creator/import/gnu/arm/5.4.1/bin/../lib/gcc/arm-none-eabi/5.4.1/../../../../arm-none-eabi/lib/armv7-m\libg_nano.a(lib_a-exit.o)
                              c:/program files (x86)/cypress/psoc creator/4.2/psoc creator/import/gnu/arm/5.4.1/bin/../lib/gcc/arm-none-eabi/5.4.1/../../../../arm-none-eabi/lib/armv7-m/crt0.o (exit)
c:/program files (x86)/cypress/psoc creator/4.2/psoc creator/import/gnu/arm/5.4.1/bin/../lib/gcc/arm-none-eabi/5.4.1/../../../../arm-none-eabi/lib/armv7-m\libg_nano.a(lib_a-impure.o)
                              c:/program files (x86)/cypress/psoc creator/4.2/psoc creator/import/gnu/arm/5.4.1/bin/../lib/gcc/arm-none-eabi/5.4.1/../../../../arm-none-eabi/lib/armv7-m\libg_nano.a(lib_a-exit.o) (_global_impure_ptr)
c:/program files (x86)/cypress/psoc creator/4.2/psoc creator/import/gnu/arm/5.4.1/bin/../lib/gcc/arm-none-eabi/5.4.1/../../../../arm-none-eabi/lib/armv7-m\libg_nano.a(lib_a-init.o)
                              c:/program files (x86)/cypress/psoc creator/4.2/psoc creator/import/gnu/arm/5.4.1/bin/../lib/gcc/arm-none-eabi/5.4.1/../../../../arm-none-eabi/lib/armv7-m/crt0.o (__libc_init_array)
c:/program files (x86)/cypress/psoc creator/4.2/psoc creator/import/gnu/arm/5.4.1/bin/../lib/gcc/arm-none-eabi/5.4.1/../../../../arm-none-eabi/lib/armv7-m\libg_nano.a(lib_a-memcpy-stub.o)
                              .\CortexM3\ARM_GCC_541\Debug\cyfitter_cfg.o (memcpy)
c:/program files (x86)/cypress/psoc creator/4.2/psoc creator/import/gnu/arm/5.4.1/bin/../lib/gcc/arm-none-eabi/5.4.1/../../../../arm-none-eabi/lib/armv7-m\libg_nano.a(lib_a-memset.o)
                              c:/program files (x86)/cypress/psoc creator/4.2/psoc creator/import/gnu/arm/5.4.1/bin/../lib/gcc/arm-none-eabi/5.4.1/../../../../arm-none-eabi/lib/armv7-m/crt0.o (memset)
c:/program files (x86)/cypress/psoc creator/4.2/psoc creator/import/gnu/arm/5.4.1/bin/../lib/gcc/arm-none-eabi/5.4.1/../../../../arm-none-eabi/lib/armv7-m\libg_nano.a(lib_a-sprintf.o)
                              .\CortexM3\ARM_GCC_541\Debug\main.o (sprintf)
c:/program files (x86)/cypress/psoc creator/4.2/psoc creator/import/gnu/arm/5.4.1/bin/../lib/gcc/arm-none-eabi/5.4.1/../../../../arm-none-eabi/lib/armv7-m\libg_nano.a(lib_a-nano-svfprintf.o)
                              c:/program files (x86)/cypress/psoc creator/4.2/psoc creator/import/gnu/arm/5.4.1/bin/../lib/gcc/arm-none-eabi/5.4.1/../../../../arm-none-eabi/lib/armv7-m\libg_nano.a(lib_a-sprintf.o) (_svfprintf_r)
c:/program files (x86)/cypress/psoc creator/4.2/psoc creator/import/gnu/arm/5.4.1/bin/../lib/gcc/arm-none-eabi/5.4.1/../../../../arm-none-eabi/lib/armv7-m\libg_nano.a(lib_a-nano-vfprintf_i.o)
[...]
Memory Configuration

Name             Origin             Length             Attributes
rom              0x00000000         0x00040000         xr
ram              0x1fff8000         0x00010000         xrw
*default*        0x00000000         0xffffffff

Linker script and memory map

LOAD c:/program files (x86)/cypress/psoc creator/4.2/psoc creator/import/gnu/arm/5.4.1/bin/../lib/gcc/arm-none-eabi/5.4.1/armv7-m/crti.o
LOAD c:/program files (x86)/cypress/psoc creator/4.2/psoc creator/import/gnu/arm/5.4.1/bin/../lib/gcc/arm-none-eabi/5.4.1/armv7-m/crtbegin.o
LOAD c:/program files (x86)/cypress/psoc creator/4.2/psoc creator/import/gnu/arm/5.4.1/bin/../lib/gcc/arm-none-eabi/5.4.1/../../../../arm-none-eabi/lib/armv7-m/crt0.o
START GROUP
LOAD .\CortexM3\ARM_GCC_541\Debug\main.o
LOAD .\CortexM3\ARM_GCC_541\Debug\GP2Y0E03.o
LOAD .\CortexM3\ARM_GCC_541\Debug\cyfitter_cfg.o
LOAD .\CortexM3\ARM_GCC_541\Debug\cymetadata.o
LOAD .\CortexM3\ARM_GCC_541\Debug\Cm3Start.o
LOAD .\CortexM3\ARM_GCC_541\Debug\SensorDistancia.a
LOAD C:\Program Files (x86)\Cypress\PSoC Creator\4.2\PSoC Creator\psoc\content\cycomponentlibrary\CyComponentLibrary.cylib\CortexM3\ARM_GCC_541\Debug\CyComponentLibrary.a
END GROUP
START GROUP
LOAD c:/program files (x86)/cypress/psoc creator/4.2/psoc creator/import/gnu/arm/5.4.1/bin/../lib/gcc/arm-none-eabi/5.4.1/armv7-m\libgcc.a
LOAD c:/program files (x86)/cypress/psoc creator/4.2/psoc creator/import/gnu/arm/5.4.1/bin/../lib/gcc/arm-none-eabi/5.4.1/../../../../arm-none-eabi/lib/armv7-m\libg_nano.a
LOAD c:/program files (x86)/cypress/psoc creator/4.2/psoc creator/import/gnu/arm/5.4.1/bin/../lib/gcc/arm-none-eabi/5.4.1/../../../../arm-none-eabi/lib/armv7-m\libc_nano.a
END GROUP
START GROUP
LOAD c:/program files (x86)/cypress/psoc creator/4.2/psoc creator/import/gnu/arm/5.4.1/bin/../lib/gcc/arm-none-eabi/5.4.1/armv7-m\libgcc.a
LOAD c:/program files (x86)/cypress/psoc creator/4.2/psoc creator/import/gnu/arm/5.4.1/bin/../lib/gcc/arm-none-eabi/5.4.1/../../../../arm-none-eabi/lib/armv7-m\libc_nano.a
END GROUP
LOAD c:/program files (x86)/cypress/psoc creator/4.2/psoc creator/import/gnu/arm/5.4.1/bin/../lib/gcc/arm-none-eabi/5.4.1/armv7-m/crtend.o
LOAD c:/program files (x86)/cypress/psoc creator/4.2/psoc creator/import/gnu/arm/5.4.1/bin/../lib/gcc/arm-none-eabi/5.4.1/armv7-m/crtn.o
START GROUP
LOAD c:/program files (x86)/cypress/psoc creator/4.2/psoc creator/import/gnu/arm/5.4.1/bin/../lib/gcc/arm-none-eabi/5.4.1/armv7-m\libgcc.a
LOAD c:/program files (x86)/cypress/psoc creator/4.2/psoc creator/import/gnu/arm/5.4.1/bin/../lib/gcc/arm-none-eabi/5.4.1/../../../../arm-none-eabi/lib/armv7-m\libc.a
LOAD c:/program files (x86)/cypress/psoc creator/4.2/psoc creator/import/gnu/arm/5.4.1/bin/../lib/gcc/arm-none-eabi/5.4.1/../../../../arm-none-eabi/lib/armv7-m\libnosys.a
END GROUP
                0x00000000                CY_APPL_ORIGIN = 0x0
                0x00000100                CY_FLASH_ROW_SIZE = 0x100
                0x00000020                CY_ECC_ROW_SIZE = 0x20
                0x00000000                CY_EE_IN_BTLDR = 0x0
                0x00000000                CY_APPL_LOADABLE = 0x0
                0x00000800                CY_EE_SIZE = 0x800
                0x00000001                CY_APPL_NUM = 0x1
                0x00000001                CY_APPL_MAX = 0x1
                0x00000040                CY_METADATA_SIZE = 0x40
                0x00000000                CY_APPL_LOADABLE = 0x0
                0x00000000                CY_CHECKSUM_EXCLUDE_SIZE = ALIGN (0x0, CY_FLASH_ROW_SIZE)
                [!provide]                PROVIDE (__cy_heap_start, _end)
                0x00000001                PROVIDE (__cy_region_num, ((__cy_regions_end - __cy_regions) / 0x10))
                0x20008000                PROVIDE (__cy_stack, (ORIGIN (ram) + LENGTH (ram)))
                [!provide]                PROVIDE (__cy_heap_end, (__cy_stack - 0x800))

.cybootloader   0x00000000        0x0
 *(.cybootloader)
                0x00000000                appl1_start = CY_APPL_ORIGIN?CY_APPL_ORIGIN:ALIGN (CY_FLASH_ROW_SIZE)
                0x0001ff00                appl2_start = (appl1_start + ALIGN ((((LENGTH (rom) - appl1_start) - (0x2 * CY_FLASH_ROW_SIZE)) / 0x2), CY_FLASH_ROW_SIZE))
                0x00000000                appl_start = (CY_APPL_NUM == 0x1)?appl1_start:appl2_start
                0x00000000                ecc_offset = ((appl_start / CY_FLASH_ROW_SIZE) * CY_ECC_ROW_SIZE)
                0x00000000                ee_offset = (CY_APPL_LOADABLE && ! (CY_EE_IN_BTLDR))?((CY_EE_SIZE / CY_APPL_MAX) * (CY_APPL_NUM - 0x1)):0x0
                0x00000800                ee_size = (CY_APPL_LOADABLE && ! (CY_EE_IN_BTLDR))?(CY_EE_SIZE / CY_APPL_MAX):CY_EE_SIZE
                [!provide]                PROVIDE (CY_ECC_OFFSET, ecc_offset)

.text           0x00000000     0x1580
 CREATE_OBJECT_SYMBOLS
                0x00000000                PROVIDE (__cy_interrupt_vector, RomVectors)
 *(.romvectors)
 .romvectors    0x00000000       0x10 .\CortexM3\ARM_GCC_541\Debug\Cm3Start.o
                0x00000000                RomVectors
                0x00000001                ASSERT ((. != __cy_interrupt_vector), No interrupt vector)
                0x00000001                ASSERT (CY_APPL_ORIGIN?(SIZEOF (.cybootloader) <= CY_APPL_ORIGIN):0x1, Wrong image location)
                0x00000010                PROVIDE (__cy_reset, Reset)
 *(.text.Reset)
 .text.Reset    0x00000010       0x18 .\CortexM3\ARM_GCC_541\Debug\Cm3Start.o
                0x00000010                Reset
                0x00000001                ASSERT ((. != __cy_reset), No reset code)
 *(.dma_init)
                0x00000001                ASSERT ((((appl_start + .) <= 0x10000) || 0x1), DMA Init must be within the first 64k of flash)
 *(.text .text.* .gnu.linkonce.t.*)
 .text          0x00000028       0x5c c:/program files (x86)/cypress/psoc creator/4.2/psoc creator/import/gnu/arm/5.4.1/bin/../lib/gcc/arm-none-eabi/5.4.1/armv7-m/crtbegin.o
 .text.InterrupRx
                0x00000084       0x14 .\CortexM3\ARM_GCC_541\Debug\main.o
                0x00000084                InterrupRx
 .text.main     0x00000098       0x74 .\CortexM3\ARM_GCC_541\Debug\main.o
                0x00000098                main
 .text.DS_beginread
                0x0000010c       0x14 .\CortexM3\ARM_GCC_541\Debug\GP2Y0E03.o
                0x0000010c                DS_beginread
 .text.DS_beginwrite
                0x00000120       0x14 .\CortexM3\ARM_GCC_541\Debug\GP2Y0E03.o
                0x00000120                DS_beginwrite
 .text.DS_init  0x00000134       0x54 .\CortexM3\ARM_GCC_541\Debug\GP2Y0E03.o
                0x00000134                DS_init
 .text.DS_get_data
                0x00000188       0x3c .\CortexM3\ARM_GCC_541\Debug\GP2Y0E03.o
                0x00000188                DS_get_data
 .text.CyClockStartupError
                0x000001c4        0x4 .\CortexM3\ARM_GCC_541\Debug\cyfitter_cfg.o
 .text.cfg_write_bytes32
                0x000001c8       0x34 .\CortexM3\ARM_GCC_541\Debug\cyfitter_cfg.o
 .text.AnalogSetDefault
                0x000001fc       0x38 .\CortexM3\ARM_GCC_541\Debug\cyfitter_cfg.o
 .text.CYMEMZERO
                0x00000234        0xc .\CortexM3\ARM_GCC_541\Debug\cyfitter_cfg.o
 .text.ClockSetup
                0x00000240       0xb8 .\CortexM3\ARM_GCC_541\Debug\cyfitter_cfg.o
 .text.CYCONFIGCPY
                0x000002f8        0x8 .\CortexM3\ARM_GCC_541\Debug\cyfitter_cfg.o
 .text.cyfitter_cfg
                0x00000300      0x110 .\CortexM3\ARM_GCC_541\Debug\cyfitter_cfg.o
                0x00000300                cyfitter_cfg
 .text.IntDefaultHandler
                0x00000410       0x10 .\CortexM3\ARM_GCC_541\Debug\Cm3Start.o
                0x00000410                IntDefaultHandler
 .text._sbrk    0x00000420       0x30 .\CortexM3\ARM_GCC_541\Debug\Cm3Start.o
                0x00000420                _sbrk
 .text.Start_c  0x00000450       0x4c .\CortexM3\ARM_GCC_541\Debug\Cm3Start.o
                0x00000450                Start_c
 .text.initialize_psoc
                0x0000049c       0x68 .\CortexM3\ARM_GCC_541\Debug\Cm3Start.o
                0x0000049c                initialize_psoc
 .text.UART_Init
                0x00000504       0x28 .\CortexM3\ARM_GCC_541\Debug\SensorDistancia.a(UART.o)
                0x00000504                UART_Init
 .text.UART_Enable
                0x0000052c       0x38 .\CortexM3\ARM_GCC_541\Debug\SensorDistancia.a(UART.o)
                0x0000052c                UART_Enable
 .text.UART_Start
                0x00000564       0x1c .\CortexM3\ARM_GCC_541\Debug\SensorDistancia.a(UART.o)
                0x00000564                UART_Start
 .text.UART_GetChar
                0x00000580       0x2c .\CortexM3\ARM_GCC_541\Debug\SensorDistancia.a(UART.o)
                0x00000580                UART_GetChar
 .text.UART_PutChar
                0x000005ac       0x18 .\CortexM3\ARM_GCC_541\Debug\SensorDistancia.a(UART.o)
                0x000005ac                UART_PutChar
 .text.UART_PutString
                0x000005c4       0x24 .\CortexM3\ARM_GCC_541\Debug\SensorDistancia.a(UART.o)
                0x000005c4                UART_PutString
 .text.IRQRX_SetVector
                0x000005e8        0xc .\CortexM3\ARM_GCC_541\Debug\SensorDistancia.a(IRQRX.o)
                0x000005e8                IRQRX_SetVector
 .text.IRQRX_SetPriority
                0x000005f4       0x10 .\CortexM3\ARM_GCC_541\Debug\SensorDistancia.a(IRQRX.o)
                0x000005f4                IRQRX_SetPriority
 .text.IRQRX_Enable
                0x00000604        0xc .\CortexM3\ARM_GCC_541\Debug\SensorDistancia.a(IRQRX.o)
                0x00000604                IRQRX_Enable
 .text.IRQRX_Disable
                0x00000610        0xc .\CortexM3\ARM_GCC_541\Debug\SensorDistancia.a(IRQRX.o)
                0x00000610                IRQRX_Disable
 .text.IRQRX_StartEx
                0x0000061c       0x1c .\CortexM3\ARM_GCC_541\Debug\SensorDistancia.a(IRQRX.o)
                0x0000061c                IRQRX_StartEx
 .text.I2C_Init
                0x00000638       0x68 .\CortexM3\ARM_GCC_541\Debug\SensorDistancia.a(I2C.o)
                0x00000638                I2C_Init
 .text.I2C_Enable
                0x000006a0       0x24 .\CortexM3\ARM_GCC_541\Debug\SensorDistancia.a(I2C.o)
                0x000006a0                I2C_Enable
 .text.I2C_Start
                0x000006c4       0x28 .\CortexM3\ARM_GCC_541\Debug\SensorDistancia.a(I2C.o)
                0x000006c4                I2C_Start
 .text.I2C_ISR  0x000006ec      0x2d0 .\CortexM3\ARM_GCC_541\Debug\SensorDistancia.a(I2C_INT.o)
                0x000006ec                I2C_ISR
 .text.I2C_MasterSendStart
                0x000009bc       0x80 .\CortexM3\ARM_GCC_541\Debug\SensorDistancia.a(I2C_MASTER.o)
                0x000009bc                I2C_MasterSendStart
 .text.I2C_MasterSendStop
                0x00000a3c       0x38 .\CortexM3\ARM_GCC_541\Debug\SensorDistancia.a(I2C_MASTER.o)
                0x00000a3c                I2C_MasterSendStop
 .text.I2C_MasterWriteByte
                0x00000a74       0x58 .\CortexM3\ARM_GCC_541\Debug\SensorDistancia.a(I2C_MASTER.o)
                0x00000a74                I2C_MasterWriteByte
 .text.I2C_MasterReadByte
                0x00000acc       0x58 .\CortexM3\ARM_GCC_541\Debug\SensorDistancia.a(I2C_MASTER.o)
                0x00000acc                I2C_MasterReadByte
 .text.UART_IntClock_Start
                0x00000b24       0x1c .\CortexM3\ARM_GCC_541\Debug\SensorDistancia.a(UART_IntClock.o)
                0x00000b24                UART_IntClock_Start
 .text.CyHalt   0x00000b40        0x4 .\CortexM3\ARM_GCC_541\Debug\SensorDistancia.a(CyLib.o)
                0x00000b40                CyHalt
 .text.CyDelay  0x00000b44       0x2c .\CortexM3\ARM_GCC_541\Debug\SensorDistancia.a(CyLib.o)
                0x00000b44                CyDelay
 .text.CyIntSetVector
                0x00000b70       0x28 .\CortexM3\ARM_GCC_541\Debug\SensorDistancia.a(CyLib.o)
                0x00000b70                CyIntSetVector
 .text.CyIntSetPriority
                0x00000b98       0x30 .\CortexM3\ARM_GCC_541\Debug\SensorDistancia.a(CyLib.o)
                0x00000b98                CyIntSetPriority
 .text.VDAC8_Enable
                0x00000bc8       0x1c .\CortexM3\ARM_GCC_541\Debug\SensorDistancia.a(VDAC8.o)
                0x00000bc8                VDAC8_Enable
 .text.VDAC8_SetSpeed
                0x00000be4       0x1c .\CortexM3\ARM_GCC_541\Debug\SensorDistancia.a(VDAC8.o)
                0x00000be4                VDAC8_SetSpeed
 .text.VDAC8_SetValue
                0x00000c00        0xc .\CortexM3\ARM_GCC_541\Debug\SensorDistancia.a(VDAC8.o)
                0x00000c00                VDAC8_SetValue
 .text.VDAC8_DacTrim
                0x00000c0c       0x24 .\CortexM3\ARM_GCC_541\Debug\SensorDistancia.a(VDAC8.o)
                0x00000c0c                VDAC8_DacTrim
 .text.VDAC8_SetRange
                0x00000c30       0x20 .\CortexM3\ARM_GCC_541\Debug\SensorDistancia.a(VDAC8.o)
                0x00000c30                VDAC8_SetRange
 .text.VDAC8_Init
                0x00000c50       0x20 .\CortexM3\ARM_GCC_541\Debug\SensorDistancia.a(VDAC8.o)
                0x00000c50                VDAC8_Init
 .text.VDAC8_Start
                0x00000c70       0x24 .\CortexM3\ARM_GCC_541\Debug\SensorDistancia.a(VDAC8.o)
                0x00000c70                VDAC8_Start
 *fill*         0x00000c94        0x4 
 .text          0x00000c98       0x20 .\CortexM3\ARM_GCC_541\Debug\SensorDistancia.a(CyBootAsmGnu.o)
                0x00000c98                CyDelayCycles
                0x00000ca8                CyEnterCriticalSection
                0x00000cb0                CyExitCriticalSection
 .text.__errno  0x00000cb8        0xc c:/program files (x86)/cypress/psoc creator/4.2/psoc creator/import/gnu/arm/5.4.1/bin/../lib/gcc/arm-none-eabi/5.4.1/../../../../arm-none-eabi/lib/armv7-m\libg_nano.a(lib_a-errno.o)
                0x00000cb8                __errno
 .text.__libc_init_array
                0x00000cc4       0x4c c:/program files (x86)/cypress/psoc creator/4.2/psoc creator/import/gnu/arm/5.4.1/bin/../lib/gcc/arm-none-eabi/5.4.1/../../../../arm-none-eabi/lib/armv7-m\libg_nano.a(lib_a-init.o)
                0x00000cc4                __libc_init_array
 .text.memcpy   0x00000d10       0x16 c:/program files (x86)/cypress/psoc creator/4.2/psoc creator/import/gnu/arm/5.4.1/bin/../lib/gcc/arm-none-eabi/5.4.1/../../../../arm-none-eabi/lib/armv7-m\libg_nano.a(lib_a-memcpy-stub.o)
                0x00000d10                memcpy
 .text.memset   0x00000d26       0x10 c:/program files (x86)/cypress/psoc creator/4.2/psoc creator/import/gnu/arm/5.4.1/bin/../lib/gcc/arm-none-eabi/5.4.1/../../../../arm-none-eabi/lib/armv7-m\libg_nano.a(lib_a-memset.o)
                0x00000d26                memset
 *fill*         0x00000d36        0x2 
 .text.sprintf  0x00000d38       0x48 c:/program files (x86)/cypress/psoc creator/4.2/psoc creator/import/gnu/arm/5.4.1/bin/../lib/gcc/arm-none-eabi/5.4.1/../../../../arm-none-eabi/lib/armv7-m\libg_nano.a(lib_a-sprintf.o)
                0x00000d38                siprintf
                0x00000d38                sprintf
 .text.__ssputs_r
                0x00000d80       0xb2 c:/program files (x86)/cypress/psoc creator/4.2/psoc creator/import/gnu/arm/5.4.1/bin/../lib/gcc/arm-none-eabi/5.4.1/../../../../arm-none-eabi/lib/armv7-m\libg_nano.a(lib_a-nano-svfprintf.o)
                0x00000d80                __ssputs_r
 *fill*         0x00000e32        0x2 
 .text._svfprintf_r
                0x00000e34      0x1e8 c:/program files (x86)/cypress/psoc creator/4.2/psoc creator/import/gnu/arm/5.4.1/bin/../lib/gcc/arm-none-eabi/5.4.1/../../../../arm-none-eabi/lib/armv7-m\libg_nano.a(lib_a-nano-svfprintf.o)
                0x00000e34                _svfiprintf_r
                0x00000e34                _svfprintf_r
 .text._printf_common
                0x0000101c       0xec c:/program files (x86)/cypress/psoc creator/4.2/psoc creator/import/gnu/arm/5.4.1/bin/../lib/gcc/arm-none-eabi/5.4.1/../../../../arm-none-eabi/lib/armv7-m\libg_nano.a(lib_a-nano-vfprintf_i.o)
                0x0000101c                _printf_common
 .text._printf_i
                0x00001108      0x24c c:/program files (x86)/cypress/psoc creator/4.2/psoc creator/import/gnu/arm/5.4.1/bin/../lib/gcc/arm-none-eabi/5.4.1/../../../../arm-none-eabi/lib/armv7-m\libg_nano.a(lib_a-nano-vfprintf_i.o)
                0x00001108                _printf_i
 .text.memchr   0x00001354       0x1c c:/program files (x86)/cypress/psoc creator/4.2/psoc creator/import/gnu/arm/5.4.1/bin/../lib/gcc/arm-none-eabi/5.4.1/../../../../arm-none-eabi/lib/armv7-m\libg_nano.a(lib_a-memchr-stub.o)
                0x00001354                memchr
 .text.memmove  0x00001370       0x36 c:/program files (x86)/cypress/psoc creator/4.2/psoc creator/import/gnu/arm/5.4.1/bin/../lib/gcc/arm-none-eabi/5.4.1/../../../../arm-none-eabi/lib/armv7-m\libg_nano.a(lib_a-memmove.o)
                0x00001370                memmove
 *fill*         0x000013a6        0x2 
 .text._free_r  0x000013a8       0x98 c:/program files (x86)/cypress/psoc creator/4.2/psoc creator/import/gnu/arm/5.4.1/bin/../lib/gcc/arm-none-eabi/5.4.1/../../../../arm-none-eabi/lib/armv7-m\libg_nano.a(lib_a-nano-freer.o)
                0x000013a8                _free_r
 .text._malloc_r
                0x00001440       0xbc c:/program files (x86)/cypress/psoc creator/4.2/psoc creator/import/gnu/arm/5.4.1/bin/../lib/gcc/arm-none-eabi/5.4.1/../../../../arm-none-eabi/lib/armv7-m\libg_nano.a(lib_a-nano-mallocr.o)
                0x00001440                _malloc_r
 .text._realloc_r
                0x000014fc       0x4c c:/program files (x86)/cypress/psoc creator/4.2/psoc creator/import/gnu/arm/5.4.1/bin/../lib/gcc/arm-none-eabi/5.4.1/../../../../arm-none-eabi/lib/armv7-m\libg_nano.a(lib_a-nano-reallocr.o)
                0x000014fc                _realloc_r
 .text._sbrk_r  0x00001548       0x20 c:/program files (x86)/cypress/psoc creator/4.2/psoc creator/import/gnu/arm/5.4.1/bin/../lib/gcc/arm-none-eabi/5.4.1/../../../../arm-none-eabi/lib/armv7-m\libg_nano.a(lib_a-sbrkr.o)
                0x00001548                _sbrk_r
 .text.__malloc_lock
                0x00001568        0x2 c:/program files (x86)/cypress/psoc creator/4.2/psoc creator/import/gnu/arm/5.4.1/bin/../lib/gcc/arm-none-eabi/5.4.1/../../../../arm-none-eabi/lib/armv7-m\libg_nano.a(lib_a-mlock.o)
                0x00001568                __malloc_lock
 .text.__malloc_unlock
                0x0000156a        0x2 c:/program files (x86)/cypress/psoc creator/4.2/psoc creator/import/gnu/arm/5.4.1/bin/../lib/gcc/arm-none-eabi/5.4.1/../../../../arm-none-eabi/lib/armv7-m\libg_nano.a(lib_a-mlock.o)
                0x0000156a                __malloc_unlock
 .text._malloc_usable_size_r
                0x0000156c       0x14 c:/program files (x86)/cypress/psoc creator/4.2/psoc creator/import/gnu/arm/5.4.1/bin/../lib/gcc/arm-none-eabi/5.4.1/../../../../arm-none-eabi/lib/armv7-m\libg_nano.a(lib_a-nano-msizer.o)
                0x0000156c                _malloc_usable_size_r
 *(.plt)
 *(.gnu.warning)
 *(.glue_7t)
 .glue_7t       0x00001580        0x0 linker stubs
 *(.glue_7)
 .glue_7        0x00001580        0x0 linker stubs
 *(.vfp11_veneer)
 .vfp11_veneer  0x00001580        0x0 linker stubs
 *(.bootloader)
 *(.ARM.extab* .gnu.linkonce.armextab.*)
 *(.gcc_except_table)

.v4_bx          0x00001580        0x0
 .v4_bx         0x00001580        0x0 linker stubs

.iplt           0x00001580        0x0
 .iplt          0x00001580        0x0 c:/program files (x86)/cypress/psoc creator/4.2/psoc creator/import/gnu/arm/5.4.1/bin/../lib/gcc/arm-none-eabi/5.4.1/armv7-m/crtbegin.o

.eh_frame_hdr
 *(.eh_frame_hdr)

.eh_frame       0x00001580        0x4
 *(.eh_frame)
 .eh_frame      0x00001580        0x0 c:/program files (x86)/cypress/psoc creator/4.2/psoc creator/import/gnu/arm/5.4.1/bin/../lib/gcc/arm-none-eabi/5.4.1/armv7-m/crtbegin.o
 .eh_frame      0x00001580        0x4 c:/program files (x86)/cypress/psoc creator/4.2/psoc creator/import/gnu/arm/5.4.1/bin/../lib/gcc/arm-none-eabi/5.4.1/armv7-m/crtend.o
                [!provide]                PROVIDE (__exidx_start, .)

.ARM.exidx
 *(.ARM.exidx* .gnu.linkonce.armexidx.*)
                0x00001584                __exidx_end = .

.rodata         0x00001584      0x264
 *(.rodata .rodata.* .gnu.linkonce.r.*)
 .rodata.str1.4
                0x00001584       0x32 .\CortexM3\ARM_GCC_541\Debug\main.o
 *fill*         0x000015b6        0x2 
 .rodata.str1.4
                0x000015b8      0x174 .\CortexM3\ARM_GCC_541\Debug\GP2Y0E03.o
                                0x173 (size before relaxing)
 .rodata        0x0000172c       0x4e .\CortexM3\ARM_GCC_541\Debug\cyfitter_cfg.o
 .rodata.str1.1
                0x0000177a        0x2 c:/program files (x86)/cypress/psoc creator/4.2/psoc creator/import/gnu/arm/5.4.1/bin/../lib/gcc/arm-none-eabi/5.4.1/../../../../arm-none-eabi/lib/armv7-m\libg_nano.a(lib_a-impure.o)
 .rodata.str1.1
                0x0000177c       0x11 c:/program files (x86)/cypress/psoc creator/4.2/psoc creator/import/gnu/arm/5.4.1/bin/../lib/gcc/arm-none-eabi/5.4.1/../../../../arm-none-eabi/lib/armv7-m\libg_nano.a(lib_a-nano-svfprintf.o)
 .rodata.str1.1
                0x0000178d       0x22 c:/program files (x86)/cypress/psoc creator/4.2/psoc creator/import/gnu/arm/5.4.1/bin/../lib/gcc/arm-none-eabi/5.4.1/../../../../arm-none-eabi/lib/armv7-m\libg_nano.a(lib_a-nano-vfprintf_i.o)
                0x000017b0                . = ALIGN (0x4)
 *fill*         0x000017af        0x1 
 *(.init)
 .init          0x000017b0        0x4 c:/program files (x86)/cypress/psoc creator/4.2/psoc creator/import/gnu/arm/5.4.1/bin/../lib/gcc/arm-none-eabi/5.4.1/armv7-m/crti.o
                0x000017b0                _init
 .init          0x000017b4        0x8 c:/program files (x86)/cypress/psoc creator/4.2/psoc creator/import/gnu/arm/5.4.1/bin/../lib/gcc/arm-none-eabi/5.4.1/armv7-m/crtn.o
                0x000017bc                . = ALIGN (0x4)
                0x000017bc                __preinit_array_start = .
 *(.preinit_array)
                0x000017bc                __preinit_array_end = .
                0x000017bc                . = ALIGN (0x4)
                0x000017bc                __init_array_start = .
 *(SORT(.init_array.*))
 *(.init_array)
 .init_array    0x000017bc        0x4 c:/program files (x86)/cypress/psoc creator/4.2/psoc creator/import/gnu/arm/5.4.1/bin/../lib/gcc/arm-none-eabi/5.4.1/armv7-m/crtbegin.o
 .init_array    0x000017c0        0x4 .\CortexM3\ARM_GCC_541\Debug\Cm3Start.o
                0x000017c4                __init_array_end = .
                0x000017c4                . = ALIGN (0x4)
 *(.fini)
 .fini          0x000017c4        0x4 c:/program files (x86)/cypress/psoc creator/4.2/psoc creator/import/gnu/arm/5.4.1/bin/../lib/gcc/arm-none-eabi/5.4.1/armv7-m/crti.o
                0x000017c4                _fini
 .fini          0x000017c8        0x8 c:/program files (x86)/cypress/psoc creator/4.2/psoc creator/import/gnu/arm/5.4.1/bin/../lib/gcc/arm-none-eabi/5.4.1/armv7-m/crtn.o
                0x000017d0                . = ALIGN (0x4)
                0x000017d0                __fini_array_start = .
 *(.fini_array)
 .fini_array    0x000017d0        0x4 c:/program files (x86)/cypress/psoc creator/4.2/psoc creator/import/gnu/arm/5.4.1/bin/../lib/gcc/arm-none-eabi/5.4.1/armv7-m/crtbegin.o
 *(SORT(.fini_array.*))
                0x000017d4                __fini_array_end = .
                0x000017d4                . = ALIGN (0x4)
 *crtbegin.o(.ctors)
 *(EXCLUDE_FILE(*crtend.o) .ctors)
 *(SORT(.ctors.*))
 *crtend.o(.ctors)
                0x000017d4                . = ALIGN (0x4)
 *crtbegin.o(.dtors)
 *(EXCLUDE_FILE(*crtend.o) .dtors)
 *(SORT(.dtors.*))
 *crtend.o(.dtors)
                0x000017d4                . = ALIGN (0x4)
                0x000017d4                __cy_regions = .
                0x000017d4        0x4 LONG 0x17e8 __cy_region_init_ram
                0x000017d8        0x4 LONG 0x1fff80c8 __cy_region_start_data
                0x000017dc        0x4 LONG 0x80 __cy_region_init_size_ram
                0x000017e0        0x4 LONG 0x50 __cy_region_zero_size_ram
                0x000017e4                __cy_regions_end = .
                0x000017e8                . = ALIGN (0x8)
 *fill*         0x000017e4        0x4 
                0x000017e8                _etext = .

.cy_checksum_exclude
                0x000017e8        0x0
 *(.cy_checksum_exclude)

.ramvectors     0x1fff8000       0xc0
                0x1fff8000                __cy_region_start_ram = .
 *(.ramvectors)
 .ramvectors    0x1fff8000       0xc0 .\CortexM3\ARM_GCC_541\Debug\Cm3Start.o
                0x1fff8000                CyRamVectors

.noinit         0x1fff80c0        0x1
 *(.noinit)
 .noinit        0x1fff80c0        0x1 .\CortexM3\ARM_GCC_541\Debug\SensorDistancia.a(CyLib.o)
                0x1fff80c0                CyResetStatus

.data           0x1fff80c8       0x80 load address 0x000017e8
                0x1fff80c8                __cy_region_start_data = .
 *(.jcr)
 .jcr           0x1fff80c8        0x0 c:/program files (x86)/cypress/psoc creator/4.2/psoc creator/import/gnu/arm/5.4.1/bin/../lib/gcc/arm-none-eabi/5.4.1/armv7-m/crtbegin.o
 .jcr           0x1fff80c8        0x4 c:/program files (x86)/cypress/psoc creator/4.2/psoc creator/import/gnu/arm/5.4.1/bin/../lib/gcc/arm-none-eabi/5.4.1/armv7-m/crtend.o
 *(.got.plt)
 *(.got)
 *(.shdata)
 *(.data .data.* .gnu.linkonce.d.*)
 .data          0x1fff80cc        0x4 .\CortexM3\ARM_GCC_541\Debug\Cm3Start.o
 .data          0x1fff80d0       0x10 .\CortexM3\ARM_GCC_541\Debug\SensorDistancia.a(CyLib.o)
                0x1fff80d0                cydelay_32k_ms
                0x1fff80d4                cydelay_freq_khz
                0x1fff80d8                cydelay_freq_mhz
                0x1fff80dc                cydelay_freq_hz
 .data.impure_data
                0x1fff80e0       0x60 c:/program files (x86)/cypress/psoc creator/4.2/psoc creator/import/gnu/arm/5.4.1/bin/../lib/gcc/arm-none-eabi/5.4.1/../../../../arm-none-eabi/lib/armv7-m\libg_nano.a(lib_a-impure.o)
 .data._impure_ptr
                0x1fff8140        0x4 c:/program files (x86)/cypress/psoc creator/4.2/psoc creator/import/gnu/arm/5.4.1/bin/../lib/gcc/arm-none-eabi/5.4.1/../../../../arm-none-eabi/lib/armv7-m\libg_nano.a(lib_a-impure.o)
                0x1fff8140                _impure_ptr
                0x1fff8148                . = ALIGN (0x8)
 *fill*         0x1fff8144        0x4 
 *(.ram)
                0x1fff8148                _edata = .

.igot.plt       0x1fff8148        0x0 load address 0x00001868
 .igot.plt      0x1fff8148        0x0 c:/program files (x86)/cypress/psoc creator/4.2/psoc creator/import/gnu/arm/5.4.1/bin/../lib/gcc/arm-none-eabi/5.4.1/armv7-m/crtbegin.o

.bss            0x1fff8148       0x50 load address 0x00001868
                0x1fff8148                PROVIDE (__bss_start__, .)
 *(.shbss)
 *(.bss .bss.* .gnu.linkonce.b.*)
 .bss           0x1fff8148       0x1c c:/program files (x86)/cypress/psoc creator/4.2/psoc creator/import/gnu/arm/5.4.1/bin/../lib/gcc/arm-none-eabi/5.4.1/armv7-m/crtbegin.o
 .bss           0x1fff8164        0xd .\CortexM3\ARM_GCC_541\Debug\main.o
                0x1fff8164                buffer2
                0x1fff8170                distance_cm
 .bss           0x1fff8171        0x2 .\CortexM3\ARM_GCC_541\Debug\SensorDistancia.a(UART.o)
                0x1fff8171                UART_initVar
 .bss           0x1fff8173        0x1 .\CortexM3\ARM_GCC_541\Debug\SensorDistancia.a(I2C.o)
                0x1fff8173                I2C_initVar
 .bss           0x1fff8174        0x1 .\CortexM3\ARM_GCC_541\Debug\SensorDistancia.a(VDAC8.o)
                0x1fff8174                VDAC8_initVar
 *fill*         0x1fff8175        0x3 
 .bss.__malloc_sbrk_start
                0x1fff8178        0x4 c:/program files (x86)/cypress/psoc creator/4.2/psoc creator/import/gnu/arm/5.4.1/bin/../lib/gcc/arm-none-eabi/5.4.1/../../../../arm-none-eabi/lib/armv7-m\libg_nano.a(lib_a-nano-mallocr.o)
                0x1fff8178                __malloc_sbrk_start
 .bss.__malloc_free_list
                0x1fff817c        0x4 c:/program files (x86)/cypress/psoc creator/4.2/psoc creator/import/gnu/arm/5.4.1/bin/../lib/gcc/arm-none-eabi/5.4.1/../../../../arm-none-eabi/lib/armv7-m\libg_nano.a(lib_a-nano-mallocr.o)
                0x1fff817c                __malloc_free_list
 *(COMMON)
 COMMON         0x1fff8180        0x1 .\CortexM3\ARM_GCC_541\Debug\main.o
                0x1fff8180                dato
 COMMON         0x1fff8181        0x1 .\CortexM3\ARM_GCC_541\Debug\SensorDistancia.a(I2C.o)
                0x1fff8181                I2C_state
 *fill*         0x1fff8182        0x2 
 COMMON         0x1fff8184       0x10 .\CortexM3\ARM_GCC_541\Debug\SensorDistancia.a(I2C_MASTER.o)
                0x1fff8184                I2C_mstrWrBufIndex
                0x1fff8185                I2C_mstrWrBufSize
                0x1fff8186                I2C_mstrStatus
                0x1fff8188                I2C_mstrRdBufPtr
                0x1fff818c                I2C_mstrControl
                0x1fff818d                I2C_mstrRdBufSize
                0x1fff818e                I2C_mstrRdBufIndex
                0x1fff8190                I2C_mstrWrBufPtr
 COMMON         0x1fff8194        0x4 c:/program files (x86)/cypress/psoc creator/4.2/psoc creator/import/gnu/arm/5.4.1/bin/../lib/gcc/arm-none-eabi/5.4.1/../../../../arm-none-eabi/lib/armv7-m\libg_nano.a(lib_a-reent.o)
                0x1fff8194                errno
                0x1fff8198                . = ALIGN (0x8)
 *(.ram.b)
                0x1fff8198                _end = .
                0x1fff8198                __end = .
                0x1fff8198                PROVIDE (end, .)
                0x1fff8198                PROVIDE (__bss_end__, .)
                0x000017e8                __cy_region_init_ram = LOADADDR (.data)
                0x00000080                __cy_region_init_size_ram = (_edata - ADDR (.data))
                0x00000050                __cy_region_zero_size_ram = (_end - _edata)

.heap           0x1fff8198       0x80 load address 0x00001868
                0x1fff8198                . = _end
                0x1fff8218                . = (. + 0x80)
 *fill*         0x1fff8198       0x80 
                0x1fff8218                __cy_heap_limit = .

.stack          0x20007800      0x800
                0x20007800                __cy_stack_limit = .
                0x20008000                . = (. + 0x800)
 *fill*         0x20007800      0x800 
                0x00000001                ASSERT ((__cy_stack_limit >= __cy_heap_limit), region RAM overflowed with stack)
                0x00000000                cy_checksum_exclude_size = (CY_APPL_LOADABLE == 0x1)?SIZEOF (.cy_checksum_exclude):0x0
                0x00000001                ASSERT ((cy_checksum_exclude_size <= CY_CHECKSUM_EXCLUDE_SIZE), CY_BOOT: Section .cy_checksum_exclude size exceedes specified limit.)

.cyloadermeta
 *(.cyloadermeta)

.cyloadablemeta
 *(.cyloadablemeta)

.cyconfigecc    0x80000000      0x370
 *(.cyconfigecc)
 .cyconfigecc   0x80000000      0x370 .\CortexM3\ARM_GCC_541\Debug\cymetadata.o
                0x80000000                cy_meta_configecc

.cycustnvl      0x90000000        0x4
 *(.cycustnvl)
 .cycustnvl     0x90000000        0x4 .\CortexM3\ARM_GCC_541\Debug\cymetadata.o
                0x90000000                cy_meta_custnvl

.cywolatch      0x90100000        0x4
 *(.cywolatch)
 .cywolatch     0x90100000        0x4 .\CortexM3\ARM_GCC_541\Debug\cymetadata.o
                0x90100000                cy_meta_wonvl

.cyeeprom       0x90200000        0x0
 *(.cyeeprom)
                0x00000001                ASSERT ((. <= ((0x90200000 + ee_offset) + ee_size)), .cyeeprom data will not fit in EEPROM)

.cyflashprotect
                0x90400000      0x100
 *(.cyflashprotect)
 .cyflashprotect
                0x90400000      0x100 .\CortexM3\ARM_GCC_541\Debug\cymetadata.o
                0x90400000                cy_meta_flashprotect

.cymeta         0x90500000        0xc
 *(.cymeta)
 .cymeta        0x90500000        0xc .\CortexM3\ARM_GCC_541\Debug\cymetadata.o
                0x90500000                cy_metadata

.rel.dyn        0x00001868        0x0 load address 0x9050000c
 .rel.iplt      0x00001868        0x0 c:/program files (x86)/cypress/psoc creator/4.2/psoc creator/import/gnu/arm/5.4.1/bin/../lib/gcc/arm-none-eabi/5.4.1/armv7-m/crtbegin.o

.stab
 *(.stab)

.stabstr
 *(.stabstr)

.debug
 *(.debug)

.line
 *(.line)

.debug_srcinfo
 *(.debug_srcinfo)

.debug_sfnames
 *(.debug_sfnames)

.debug_aranges  0x00000000      0x9a0
 *(.debug_aranges)
 .debug_aranges
                0x00000000       0x28 .\CortexM3\ARM_GCC_541\Debug\main.o
 .debug_aranges
                0x00000028      0x118 .\CortexM3\ARM_GCC_541\Debug\GP2Y0E03.o
 .debug_aranges
                0x00000140       0x58 .\CortexM3\ARM_GCC_541\Debug\cyfitter_cfg.o
 .debug_aranges
                0x00000198       0x18 .\CortexM3\ARM_GCC_541\Debug\cymetadata.o
 .debug_aranges
                0x000001b0       0x48 .\CortexM3\ARM_GCC_541\Debug\Cm3Start.o
 .debug_aranges
                0x000001f8       0xf0 .\CortexM3\ARM_GCC_541\Debug\SensorDistancia.a(UART.o)
 .debug_aranges
                0x000002e8       0x80 .\CortexM3\ARM_GCC_541\Debug\SensorDistancia.a(IRQRX.o)
 .debug_aranges
                0x00000368       0x38 .\CortexM3\ARM_GCC_541\Debug\SensorDistancia.a(I2C.o)
 .debug_aranges
                0x000003a0       0x20 .\CortexM3\ARM_GCC_541\Debug\SensorDistancia.a(I2C_INT.o)
 .debug_aranges
                0x000003c0       0x38 .\CortexM3\ARM_GCC_541\Debug\SensorDistancia.a(I2C_PM.o)
 .debug_aranges
                0x000003f8       0x80 .\CortexM3\ARM_GCC_541\Debug\SensorDistancia.a(I2C_MASTER.o)
 .debug_aranges
                0x00000478       0x70 .\CortexM3\ARM_GCC_541\Debug\SensorDistancia.a(UART_IntClock.o)
 .debug_aranges
                0x000004e8      0x2a0 .\CortexM3\ARM_GCC_541\Debug\SensorDistancia.a(CyLib.o)
 .debug_aranges
                0x00000788       0x98 .\CortexM3\ARM_GCC_541\Debug\SensorDistancia.a(cyPm.o)
 .debug_aranges
                0x00000820       0x58 .\CortexM3\ARM_GCC_541\Debug\SensorDistancia.a(VDAC8.o)
 .debug_aranges
                0x00000878       0x20 .\CortexM3\ARM_GCC_541\Debug\SensorDistancia.a(CyBootAsmGnu.o)
 .debug_aranges
                0x00000898       0x88 .\CortexM3\ARM_GCC_541\Debug\SensorDistancia.a(CyFlash.o)
 .debug_aranges
                0x00000920       0x80 .\CortexM3\ARM_GCC_541\Debug\SensorDistancia.a(CySpc.o)

.debug_pubnames
 *(.debug_pubnames)

.debug_info     0x00000000     0x5dc4
 *(.debug_info .gnu.linkonce.wi.*)
 .debug_info    0x00000000      0x29e .\CortexM3\ARM_GCC_541\Debug\main.o
 .debug_info    0x0000029e      0xf42 .\CortexM3\ARM_GCC_541\Debug\GP2Y0E03.o
 .debug_info    0x000011e0      0x595 .\CortexM3\ARM_GCC_541\Debug\cyfitter_cfg.o
 .debug_info    0x00001775      0x135 .\CortexM3\ARM_GCC_541\Debug\cymetadata.o
 .debug_info    0x000018aa      0x3bb .\CortexM3\ARM_GCC_541\Debug\Cm3Start.o
 .debug_info    0x00001c65      0x60c .\CortexM3\ARM_GCC_541\Debug\SensorDistancia.a(UART.o)
 .debug_info    0x00002271      0x2d2 .\CortexM3\ARM_GCC_541\Debug\SensorDistancia.a(IRQRX.o)
 .debug_info    0x00002543      0x2ab .\CortexM3\ARM_GCC_541\Debug\SensorDistancia.a(I2C.o)
 .debug_info    0x000027ee      0x184 .\CortexM3\ARM_GCC_541\Debug\SensorDistancia.a(I2C_INT.o)
 .debug_info    0x00002972      0x207 .\CortexM3\ARM_GCC_541\Debug\SensorDistancia.a(I2C_PM.o)
 .debug_info    0x00002b79      0x407 .\CortexM3\ARM_GCC_541\Debug\SensorDistancia.a(I2C_MASTER.o)
 .debug_info    0x00002f80      0x283 .\CortexM3\ARM_GCC_541\Debug\SensorDistancia.a(UART_IntClock.o)
 .debug_info    0x00003203     0x1374 .\CortexM3\ARM_GCC_541\Debug\SensorDistancia.a(CyLib.o)
 .debug_info    0x00004577      0xa2a .\CortexM3\ARM_GCC_541\Debug\SensorDistancia.a(cyPm.o)
 .debug_info    0x00004fa1      0x1de .\CortexM3\ARM_GCC_541\Debug\SensorDistancia.a(VDAC8.o)
 .debug_info    0x0000517f       0xa8 .\CortexM3\ARM_GCC_541\Debug\SensorDistancia.a(CyBootAsmGnu.o)
 .debug_info    0x00005227      0x64d .\CortexM3\ARM_GCC_541\Debug\SensorDistancia.a(CyFlash.o)
 .debug_info    0x00005874      0x550 .\CortexM3\ARM_GCC_541\Debug\SensorDistancia.a(CySpc.o)

.debug_abbrev   0x00000000     0x176b
 *(.debug_abbrev)
 .debug_abbrev  0x00000000       0xeb .\CortexM3\ARM_GCC_541\Debug\main.o
 .debug_abbrev  0x000000eb      0x1c5 .\CortexM3\ARM_GCC_541\Debug\GP2Y0E03.o
 .debug_abbrev  0x000002b0      0x20d .\CortexM3\ARM_GCC_541\Debug\cyfitter_cfg.o
 .debug_abbrev  0x000004bd       0x66 .\CortexM3\ARM_GCC_541\Debug\cymetadata.o
 .debug_abbrev  0x00000523      0x1e8 .\CortexM3\ARM_GCC_541\Debug\Cm3Start.o
 .debug_abbrev  0x0000070b      0x175 .\CortexM3\ARM_GCC_541\Debug\SensorDistancia.a(UART.o)
 .debug_abbrev  0x00000880      0x173 .\CortexM3\ARM_GCC_541\Debug\SensorDistancia.a(IRQRX.o)
 .debug_abbrev  0x000009f3      0x10a .\CortexM3\ARM_GCC_541\Debug\SensorDistancia.a(I2C.o)
 .debug_abbrev  0x00000afd       0xb6 .\CortexM3\ARM_GCC_541\Debug\SensorDistancia.a(I2C_INT.o)
 .debug_abbrev  0x00000bb3       0xfe .\CortexM3\ARM_GCC_541\Debug\SensorDistancia.a(I2C_PM.o)
 .debug_abbrev  0x00000cb1      0x13c .\CortexM3\ARM_GCC_541\Debug\SensorDistancia.a(I2C_MASTER.o)
 .debug_abbrev  0x00000ded      0x139 .\CortexM3\ARM_GCC_541\Debug\SensorDistancia.a(UART_IntClock.o)
 .debug_abbrev  0x00000f26      0x254 .\CortexM3\ARM_GCC_541\Debug\SensorDistancia.a(CyLib.o)
 .debug_abbrev  0x0000117a      0x1ab .\CortexM3\ARM_GCC_541\Debug\SensorDistancia.a(cyPm.o)
 .debug_abbrev  0x00001325       0xf7 .\CortexM3\ARM_GCC_541\Debug\SensorDistancia.a(VDAC8.o)
 .debug_abbrev  0x0000141c       0x14 .\CortexM3\ARM_GCC_541\Debug\SensorDistancia.a(CyBootAsmGnu.o)
 .debug_abbrev  0x00001430      0x1a7 .\CortexM3\ARM_GCC_541\Debug\SensorDistancia.a(CyFlash.o)
 .debug_abbrev  0x000015d7      0x194 .\CortexM3\ARM_GCC_541\Debug\SensorDistancia.a(CySpc.o)

.debug_line     0x00000000     0x276c
 *(.debug_line)
 .debug_line    0x00000000      0x22e .\CortexM3\ARM_GCC_541\Debug\main.o
 .debug_line    0x0000022e      0x486 .\CortexM3\ARM_GCC_541\Debug\GP2Y0E03.o
 .debug_line    0x000006b4      0x1f5 .\CortexM3\ARM_GCC_541\Debug\cyfitter_cfg.o
 .debug_line    0x000008a9      0x141 .\CortexM3\ARM_GCC_541\Debug\cymetadata.o
 .debug_line    0x000009ea      0x234 .\CortexM3\ARM_GCC_541\Debug\Cm3Start.o
 .debug_line    0x00000c1e      0x2bc .\CortexM3\ARM_GCC_541\Debug\SensorDistancia.a(UART.o)
 .debug_line    0x00000eda      0x132 .\CortexM3\ARM_GCC_541\Debug\SensorDistancia.a(IRQRX.o)
 .debug_line    0x0000100c       0xd9 .\CortexM3\ARM_GCC_541\Debug\SensorDistancia.a(I2C.o)
 .debug_line    0x000010e5      0x114 .\CortexM3\ARM_GCC_541\Debug\SensorDistancia.a(I2C_INT.o)
 .debug_line    0x000011f9       0xbb .\CortexM3\ARM_GCC_541\Debug\SensorDistancia.a(I2C_PM.o)
 .debug_line    0x000012b4      0x1fd .\CortexM3\ARM_GCC_541\Debug\SensorDistancia.a(I2C_MASTER.o)
 .debug_line    0x000014b1      0x17c .\CortexM3\ARM_GCC_541\Debug\SensorDistancia.a(UART_IntClock.o)
 .debug_line    0x0000162d      0x816 .\CortexM3\ARM_GCC_541\Debug\SensorDistancia.a(CyLib.o)
 .debug_line    0x00001e43      0x367 .\CortexM3\ARM_GCC_541\Debug\SensorDistancia.a(cyPm.o)
 .debug_line    0x000021aa       0xe2 .\CortexM3\ARM_GCC_541\Debug\SensorDistancia.a(VDAC8.o)
 .debug_line    0x0000228c       0x66 .\CortexM3\ARM_GCC_541\Debug\SensorDistancia.a(CyBootAsmGnu.o)
 .debug_line    0x000022f2      0x21a .\CortexM3\ARM_GCC_541\Debug\SensorDistancia.a(CyFlash.o)
 .debug_line    0x0000250c      0x260 .\CortexM3\ARM_GCC_541\Debug\SensorDistancia.a(CySpc.o)

.debug_frame    0x00000000     0x1d10
 *(.debug_frame)
 .debug_frame   0x00000000       0x48 .\CortexM3\ARM_GCC_541\Debug\main.o
 .debug_frame   0x00000048      0x3b0 .\CortexM3\ARM_GCC_541\Debug\GP2Y0E03.o
 .debug_frame   0x000003f8       0xe4 .\CortexM3\ARM_GCC_541\Debug\cyfitter_cfg.o
 .debug_frame   0x000004dc       0xb8 .\CortexM3\ARM_GCC_541\Debug\Cm3Start.o
 .debug_frame   0x00000594      0x250 .\CortexM3\ARM_GCC_541\Debug\SensorDistancia.a(UART.o)
 .debug_frame   0x000007e4      0x104 .\CortexM3\ARM_GCC_541\Debug\SensorDistancia.a(IRQRX.o)
 .debug_frame   0x000008e8       0x90 .\CortexM3\ARM_GCC_541\Debug\SensorDistancia.a(I2C.o)
 .debug_frame   0x00000978       0x30 .\CortexM3\ARM_GCC_541\Debug\SensorDistancia.a(I2C_INT.o)
 .debug_frame   0x000009a8       0x74 .\CortexM3\ARM_GCC_541\Debug\SensorDistancia.a(I2C_PM.o)
 .debug_frame   0x00000a1c      0x138 .\CortexM3\ARM_GCC_541\Debug\SensorDistancia.a(I2C_MASTER.o)
 .debug_frame   0x00000b54       0xe0 .\CortexM3\ARM_GCC_541\Debug\SensorDistancia.a(UART_IntClock.o)
 .debug_frame   0x00000c34      0x738 .\CortexM3\ARM_GCC_541\Debug\SensorDistancia.a(CyLib.o)
 .debug_frame   0x0000136c      0x1f8 .\CortexM3\ARM_GCC_541\Debug\SensorDistancia.a(cyPm.o)
 .debug_frame   0x00001564       0xb4 .\CortexM3\ARM_GCC_541\Debug\SensorDistancia.a(VDAC8.o)
 .debug_frame   0x00001618      0x194 .\CortexM3\ARM_GCC_541\Debug\SensorDistancia.a(CyFlash.o)
 .debug_frame   0x000017ac      0x180 .\CortexM3\ARM_GCC_541\Debug\SensorDistancia.a(CySpc.o)
 .debug_frame   0x0000192c       0x20 c:/program files (x86)/cypress/psoc creator/4.2/psoc creator/import/gnu/arm/5.4.1/bin/../lib/gcc/arm-none-eabi/5.4.1/../../../../arm-none-eabi/lib/armv7-m\libg_nano.a(lib_a-errno.o)
 .debug_frame   0x0000194c       0x28 c:/program files (x86)/cypress/psoc creator/4.2/psoc creator/import/gnu/arm/5.4.1/bin/../lib/gcc/arm-none-eabi/5.4.1/../../../../arm-none-eabi/lib/armv7-m\libg_nano.a(lib_a-exit.o)
 .debug_frame   0x00001974       0x2c c:/program files (x86)/cypress/psoc creator/4.2/psoc creator/import/gnu/arm/5.4.1/bin/../lib/gcc/arm-none-eabi/5.4.1/../../../../arm-none-eabi/lib/armv7-m\libg_nano.a(lib_a-init.o)
 .debug_frame   0x000019a0       0x28 c:/program files (x86)/cypress/psoc creator/4.2/psoc creator/import/gnu/arm/5.4.1/bin/../lib/gcc/arm-none-eabi/5.4.1/../../../../arm-none-eabi/lib/armv7-m\libg_nano.a(lib_a-memcpy-stub.o)
 .debug_frame   0x000019c8       0x20 c:/program files (x86)/cypress/psoc creator/4.2/psoc creator/import/gnu/arm/5.4.1/bin/../lib/gcc/arm-none-eabi/5.4.1/../../../../arm-none-eabi/lib/armv7-m\libg_nano.a(lib_a-memset.o)
 .debug_frame   0x000019e8       0x70 c:/program files (x86)/cypress/psoc creator/4.2/psoc creator/import/gnu/arm/5.4.1/bin/../lib/gcc/arm-none-eabi/5.4.1/../../../../arm-none-eabi/lib/armv7-m\libg_nano.a(lib_a-sprintf.o)
 .debug_frame   0x00001a58       0x90 c:/program files (x86)/cypress/psoc creator/4.2/psoc creator/import/gnu/arm/5.4.1/bin/../lib/gcc/arm-none-eabi/5.4.1/../../../../arm-none-eabi/lib/armv7-m\libg_nano.a(lib_a-nano-svfprintf.o)
 .debug_frame   0x00001ae8       0x60 c:/program files (x86)/cypress/psoc creator/4.2/psoc creator/import/gnu/arm/5.4.1/bin/../lib/gcc/arm-none-eabi/5.4.1/../../../../arm-none-eabi/lib/armv7-m\libg_nano.a(lib_a-nano-vfprintf_i.o)
 .debug_frame   0x00001b48       0x28 c:/program files (x86)/cypress/psoc creator/4.2/psoc creator/import/gnu/arm/5.4.1/bin/../lib/gcc/arm-none-eabi/5.4.1/../../../../arm-none-eabi/lib/armv7-m\libg_nano.a(lib_a-memchr-stub.o)
 .debug_frame   0x00001b70       0x28 c:/program files (x86)/cypress/psoc creator/4.2/psoc creator/import/gnu/arm/5.4.1/bin/../lib/gcc/arm-none-eabi/5.4.1/../../../../arm-none-eabi/lib/armv7-m\libg_nano.a(lib_a-memmove.o)
 .debug_frame   0x00001b98       0x38 c:/program files (x86)/cypress/psoc creator/4.2/psoc creator/import/gnu/arm/5.4.1/bin/../lib/gcc/arm-none-eabi/5.4.1/../../../../arm-none-eabi/lib/armv7-m\libg_nano.a(lib_a-nano-freer.o)
 .debug_frame   0x00001bd0       0x2c c:/program files (x86)/cypress/psoc creator/4.2/psoc creator/import/gnu/arm/5.4.1/bin/../lib/gcc/arm-none-eabi/5.4.1/../../../../arm-none-eabi/lib/armv7-m\libg_nano.a(lib_a-nano-mallocr.o)
 .debug_frame   0x00001bfc       0x3c c:/program files (x86)/cypress/psoc creator/4.2/psoc creator/import/gnu/arm/5.4.1/bin/../lib/gcc/arm-none-eabi/5.4.1/../../../../arm-none-eabi/lib/armv7-m\libg_nano.a(lib_a-nano-reallocr.o)
 .debug_frame   0x00001c38       0x2c c:/program files (x86)/cypress/psoc creator/4.2/psoc creator/import/gnu/arm/5.4.1/bin/../lib/gcc/arm-none-eabi/5.4.1/../../../../arm-none-eabi/lib/armv7-m\libg_nano.a(lib_a-sbrkr.o)
 .debug_frame   0x00001c64       0x30 c:/program files (x86)/cypress/psoc creator/4.2/psoc creator/import/gnu/arm/5.4.1/bin/../lib/gcc/arm-none-eabi/5.4.1/../../../../arm-none-eabi/lib/armv7-m\libg_nano.a(lib_a-mlock.o)
 .debug_frame   0x00001c94       0x20 c:/program files (x86)/cypress/psoc creator/4.2/psoc creator/import/gnu/arm/5.4.1/bin/../lib/gcc/arm-none-eabi/5.4.1/../../../../arm-none-eabi/lib/armv7-m\libg_nano.a(lib_a-nano-msizer.o)
 .debug_frame   0x00001cb4       0x5c c:/program files (x86)/cypress/psoc creator/4.2/psoc creator/import/gnu/arm/5.4.1/bin/../lib/gcc/arm-none-eabi/5.4.1/../../../../arm-none-eabi/lib/armv7-m\libg_nano.a(lib_a-reent.o)

.debug_str      0x00000000     0x1e6e
 *(.debug_str)
 .debug_str     0x00000000      0x1f3 .\CortexM3\ARM_GCC_541\Debug\main.o
                                0x23b (size before relaxing)
 .debug_str     0x000001f3      0x2dc .\CortexM3\ARM_GCC_541\Debug\GP2Y0E03.o
                                0x4e6 (size before relaxing)
 .debug_str     0x000004cf      0x1b6 .\CortexM3\ARM_GCC_541\Debug\cyfitter_cfg.o
                                0x35c (size before relaxing)
 .debug_str     0x00000685       0x75 .\CortexM3\ARM_GCC_541\Debug\cymetadata.o
                                0x1fc (size before relaxing)
 .debug_str     0x000006fa      0x13f .\CortexM3\ARM_GCC_541\Debug\Cm3Start.o
                                0x322 (size before relaxing)
 .debug_str     0x00000839      0x2ad .\CortexM3\ARM_GCC_541\Debug\SensorDistancia.a(UART.o)
                                0x48d (size before relaxing)
 .debug_str     0x00000ae6       0xf0 .\CortexM3\ARM_GCC_541\Debug\SensorDistancia.a(IRQRX.o)
                                0x2be (size before relaxing)
 .debug_str     0x00000bd6      0x102 .\CortexM3\ARM_GCC_541\Debug\SensorDistancia.a(I2C.o)
                                0x2f9 (size before relaxing)
 .debug_str     0x00000cd8       0x86 .\CortexM3\ARM_GCC_541\Debug\SensorDistancia.a(I2C_INT.o)
                                0x277 (size before relaxing)
 .debug_str     0x00000d5e       0x56 .\CortexM3\ARM_GCC_541\Debug\SensorDistancia.a(I2C_PM.o)
                                0x295 (size before relaxing)
 .debug_str     0x00000db4      0x127 .\CortexM3\ARM_GCC_541\Debug\SensorDistancia.a(I2C_MASTER.o)
                                0x3bc (size before relaxing)
 .debug_str     0x00000edb      0x183 .\CortexM3\ARM_GCC_541\Debug\SensorDistancia.a(UART_IntClock.o)
                                0x34e (size before relaxing)
 .debug_str     0x0000105e      0x7c9 .\CortexM3\ARM_GCC_541\Debug\SensorDistancia.a(CyLib.o)
                                0xa5f (size before relaxing)
 .debug_str     0x00001827      0x365 .\CortexM3\ARM_GCC_541\Debug\SensorDistancia.a(cyPm.o)
                                0x74b (size before relaxing)
 .debug_str     0x00001b8c       0x82 .\CortexM3\ARM_GCC_541\Debug\SensorDistancia.a(VDAC8.o)
                                0x237 (size before relaxing)
 .debug_str     0x00001c0e      0x1b4 .\CortexM3\ARM_GCC_541\Debug\SensorDistancia.a(CyFlash.o)
                                0x3d8 (size before relaxing)
 .debug_str     0x00001dc2       0xac .\CortexM3\ARM_GCC_541\Debug\SensorDistancia.a(CySpc.o)
                                0x350 (size before relaxing)

.debug_loc      0x00000000     0x269d
 *(.debug_loc)
 .debug_loc     0x00000000      0x25c .\CortexM3\ARM_GCC_541\Debug\GP2Y0E03.o
 .debug_loc     0x0000025c      0x25a .\CortexM3\ARM_GCC_541\Debug\cyfitter_cfg.o
 .debug_loc     0x000004b6      0x144 .\CortexM3\ARM_GCC_541\Debug\Cm3Start.o
 .debug_loc     0x000005fa      0x258 .\CortexM3\ARM_GCC_541\Debug\SensorDistancia.a(UART.o)
 .debug_loc     0x00000852       0x56 .\CortexM3\ARM_GCC_541\Debug\SensorDistancia.a(IRQRX.o)
 .debug_loc     0x000008a8       0x39 .\CortexM3\ARM_GCC_541\Debug\SensorDistancia.a(I2C.o)
 .debug_loc     0x000008e1       0x29 .\CortexM3\ARM_GCC_541\Debug\SensorDistancia.a(I2C_INT.o)
 .debug_loc     0x0000090a       0x13 .\CortexM3\ARM_GCC_541\Debug\SensorDistancia.a(I2C_PM.o)
 .debug_loc     0x0000091d      0x52f .\CortexM3\ARM_GCC_541\Debug\SensorDistancia.a(I2C_MASTER.o)
 .debug_loc     0x00000e4c      0x12c .\CortexM3\ARM_GCC_541\Debug\SensorDistancia.a(UART_IntClock.o)
 .debug_loc     0x00000f78      0xa11 .\CortexM3\ARM_GCC_541\Debug\SensorDistancia.a(CyLib.o)
 .debug_loc     0x00001989      0x1e4 .\CortexM3\ARM_GCC_541\Debug\SensorDistancia.a(cyPm.o)
 .debug_loc     0x00001b6d       0x79 .\CortexM3\ARM_GCC_541\Debug\SensorDistancia.a(VDAC8.o)
 .debug_loc     0x00001be6      0x3b2 .\CortexM3\ARM_GCC_541\Debug\SensorDistancia.a(CyFlash.o)
 .debug_loc     0x00001f98      0x705 .\CortexM3\ARM_GCC_541\Debug\SensorDistancia.a(CySpc.o)

.debug_macinfo
 *(.debug_macinfo)

.debug_ranges   0x00000000      0x868
 *(.debug_ranges)
 .debug_ranges  0x00000000       0x18 .\CortexM3\ARM_GCC_541\Debug\main.o
 .debug_ranges  0x00000018      0x108 .\CortexM3\ARM_GCC_541\Debug\GP2Y0E03.o
 .debug_ranges  0x00000120       0x48 .\CortexM3\ARM_GCC_541\Debug\cyfitter_cfg.o
 .debug_ranges  0x00000168       0x38 .\CortexM3\ARM_GCC_541\Debug\Cm3Start.o
 .debug_ranges  0x000001a0       0xe0 .\CortexM3\ARM_GCC_541\Debug\SensorDistancia.a(UART.o)
 .debug_ranges  0x00000280       0x70 .\CortexM3\ARM_GCC_541\Debug\SensorDistancia.a(IRQRX.o)
 .debug_ranges  0x000002f0       0x28 .\CortexM3\ARM_GCC_541\Debug\SensorDistancia.a(I2C.o)
 .debug_ranges  0x00000318       0x10 .\CortexM3\ARM_GCC_541\Debug\SensorDistancia.a(I2C_INT.o)
 .debug_ranges  0x00000328       0x28 .\CortexM3\ARM_GCC_541\Debug\SensorDistancia.a(I2C_PM.o)
 .debug_ranges  0x00000350       0x70 .\CortexM3\ARM_GCC_541\Debug\SensorDistancia.a(I2C_MASTER.o)
 .debug_ranges  0x000003c0       0x60 .\CortexM3\ARM_GCC_541\Debug\SensorDistancia.a(UART_IntClock.o)
 .debug_ranges  0x00000420      0x290 .\CortexM3\ARM_GCC_541\Debug\SensorDistancia.a(CyLib.o)
 .debug_ranges  0x000006b0       0x88 .\CortexM3\ARM_GCC_541\Debug\SensorDistancia.a(cyPm.o)
 .debug_ranges  0x00000738       0x48 .\CortexM3\ARM_GCC_541\Debug\SensorDistancia.a(VDAC8.o)
 .debug_ranges  0x00000780       0x78 .\CortexM3\ARM_GCC_541\Debug\SensorDistancia.a(CyFlash.o)
 .debug_ranges  0x000007f8       0x70 .\CortexM3\ARM_GCC_541\Debug\SensorDistancia.a(CySpc.o)

.comment        0x00000000       0x6e
 .comment       0x00000000       0x6e .\CortexM3\ARM_GCC_541\Debug\main.o
                                 0x6f (size before relaxing)
 .comment       0x0000006e       0x6f .\CortexM3\ARM_GCC_541\Debug\GP2Y0E03.o
 .comment       0x0000006e       0x6f .\CortexM3\ARM_GCC_541\Debug\cyfitter_cfg.o
 .comment       0x0000006e       0x6f .\CortexM3\ARM_GCC_541\Debug\cymetadata.o
 .comment       0x0000006e       0x6f .\CortexM3\ARM_GCC_541\Debug\Cm3Start.o
 .comment       0x0000006e       0x6f .\CortexM3\ARM_GCC_541\Debug\SensorDistancia.a(UART.o)
 .comment       0x0000006e       0x6f .\CortexM3\ARM_GCC_541\Debug\SensorDistancia.a(IRQRX.o)
 .comment       0x0000006e       0x6f .\CortexM3\ARM_GCC_541\Debug\SensorDistancia.a(I2C.o)
 .comment       0x0000006e       0x6f .\CortexM3\ARM_GCC_541\Debug\SensorDistancia.a(I2C_INT.o)
 .comment       0x0000006e       0x6f .\CortexM3\ARM_GCC_541\Debug\SensorDistancia.a(I2C_PM.o)
 .comment       0x0000006e       0x6f .\CortexM3\ARM_GCC_541\Debug\SensorDistancia.a(I2C_MASTER.o)
 .comment       0x0000006e       0x6f .\CortexM3\ARM_GCC_541\Debug\SensorDistancia.a(UART_IntClock.o)
 .comment       0x0000006e       0x6f .\CortexM3\ARM_GCC_541\Debug\SensorDistancia.a(CyLib.o)
 .comment       0x0000006e       0x6f .\CortexM3\ARM_GCC_541\Debug\SensorDistancia.a(cyPm.o)
 .comment       0x0000006e       0x6f .\CortexM3\ARM_GCC_541\Debug\SensorDistancia.a(VDAC8.o)
 .comment       0x0000006e       0x6f .\CortexM3\ARM_GCC_541\Debug\SensorDistancia.a(CyFlash.o)
 .comment       0x0000006e       0x6f .\CortexM3\ARM_GCC_541\Debug\SensorDistancia.a(CySpc.o)

.debug_weaknames
 *(.debug_weaknames)

.debug_funcnames
 *(.debug_funcnames)

.debug_typenames
 *(.debug_typenames)

.debug_varnames
 *(.debug_varnames)

.note.gnu.arm.ident
 *(.note.gnu.arm.ident)

.ARM.attributes
                0x00000000       0x29
 *(.ARM.attributes)
 .ARM.attributes
                0x00000000       0x1d c:/program files (x86)/cypress/psoc creator/4.2/psoc creator/import/gnu/arm/5.4.1/bin/../lib/gcc/arm-none-eabi/5.4.1/armv7-m/crti.o
 .ARM.attributes
                0x0000001d       0x2d c:/program files (x86)/cypress/psoc creator/4.2/psoc creator/import/gnu/arm/5.4.1/bin/../lib/gcc/arm-none-eabi/5.4.1/armv7-m/crtbegin.o
 .ARM.attributes
                0x0000004a       0x1b c:/program files (x86)/cypress/psoc creator/4.2/psoc creator/import/gnu/arm/5.4.1/bin/../lib/gcc/arm-none-eabi/5.4.1/../../../../arm-none-eabi/lib/armv7-m/crt0.o
 .ARM.attributes
                0x00000065       0x33 .\CortexM3\ARM_GCC_541\Debug\main.o
 .ARM.attributes
                0x00000098       0x33 .\CortexM3\ARM_GCC_541\Debug\GP2Y0E03.o
 .ARM.attributes
                0x000000cb       0x33 .\CortexM3\ARM_GCC_541\Debug\cyfitter_cfg.o
 .ARM.attributes
                0x000000fe       0x33 .\CortexM3\ARM_GCC_541\Debug\cymetadata.o
 .ARM.attributes
                0x00000131       0x33 .\CortexM3\ARM_GCC_541\Debug\Cm3Start.o
 .ARM.attributes
                0x00000164       0x33 .\CortexM3\ARM_GCC_541\Debug\SensorDistancia.a(UART.o)
 .ARM.attributes
                0x00000197       0x33 .\CortexM3\ARM_GCC_541\Debug\SensorDistancia.a(IRQRX.o)
 .ARM.attributes
                0x000001ca       0x33 .\CortexM3\ARM_GCC_541\Debug\SensorDistancia.a(I2C.o)
 .ARM.attributes
                0x000001fd       0x33 .\CortexM3\ARM_GCC_541\Debug\SensorDistancia.a(I2C_INT.o)
 .ARM.attributes
                0x00000230       0x33 .\CortexM3\ARM_GCC_541\Debug\SensorDistancia.a(I2C_PM.o)
 .ARM.attributes
                0x00000263       0x33 .\CortexM3\ARM_GCC_541\Debug\SensorDistancia.a(I2C_MASTER.o)
 .ARM.attributes
                0x00000296       0x33 .\CortexM3\ARM_GCC_541\Debug\SensorDistancia.a(UART_IntClock.o)
 .ARM.attributes
                0x000002c9       0x33 .\CortexM3\ARM_GCC_541\Debug\SensorDistancia.a(CyLib.o)
 .ARM.attributes
                0x000002fc       0x33 .\CortexM3\ARM_GCC_541\Debug\SensorDistancia.a(cyPm.o)
 .ARM.attributes
                0x0000032f       0x33 .\CortexM3\ARM_GCC_541\Debug\SensorDistancia.a(VDAC8.o)
 .ARM.attributes
                0x00000362       0x21 .\CortexM3\ARM_GCC_541\Debug\SensorDistancia.a(CyBootAsmGnu.o)
 .ARM.attributes
                0x00000383       0x33 .\CortexM3\ARM_GCC_541\Debug\SensorDistancia.a(CyFlash.o)
 .ARM.attributes
                0x000003b6       0x33 .\CortexM3\ARM_GCC_541\Debug\SensorDistancia.a(CySpc.o)
 .ARM.attributes
                0x000003e9       0x2d c:/program files (x86)/cypress/psoc creator/4.2/psoc creator/import/gnu/arm/5.4.1/bin/../lib/gcc/arm-none-eabi/5.4.1/../../../../arm-none-eabi/lib/armv7-m\libg_nano.a(lib_a-errno.o)
 .ARM.attributes
                0x00000416       0x2d c:/program files (x86)/cypress/psoc creator/4.2/psoc creator/import/gnu/arm/5.4.1/bin/../lib/gcc/arm-none-eabi/5.4.1/../../../../arm-none-eabi/lib/armv7-m\libg_nano.a(lib_a-exit.o)
 .ARM.attributes
                0x00000443       0x2d c:/program files (x86)/cypress/psoc creator/4.2/psoc creator/import/gnu/arm/5.4.1/bin/../lib/gcc/arm-none-eabi/5.4.1/../../../../arm-none-eabi/lib/armv7-m\libg_nano.a(lib_a-impure.o)
 .ARM.attributes
                0x00000470       0x2d c:/program files (x86)/cypress/psoc creator/4.2/psoc creator/import/gnu/arm/5.4.1/bin/../lib/gcc/arm-none-eabi/5.4.1/../../../../arm-none-eabi/lib/armv7-m\libg_nano.a(lib_a-init.o)
 .ARM.attributes
                0x0000049d       0x2d c:/program files (x86)/cypress/psoc creator/4.2/psoc creator/import/gnu/arm/5.4.1/bin/../lib/gcc/arm-none-eabi/5.4.1/../../../../arm-none-eabi/lib/armv7-m\libg_nano.a(lib_a-memcpy-stub.o)
 .ARM.attributes
                0x000004ca       0x2d c:/program files (x86)/cypress/psoc creator/4.2/psoc creator/import/gnu/arm/5.4.1/bin/../lib/gcc/arm-none-eabi/5.4.1/../../../../arm-none-eabi/lib/armv7-m\libg_nano.a(lib_a-memset.o)
 .ARM.attributes
                0x000004f7       0x2d c:/program files (x86)/cypress/psoc creator/4.2/psoc creator/import/gnu/arm/5.4.1/bin/../lib/gcc/arm-none-eabi/5.4.1/../../../../arm-none-eabi/lib/armv7-m\libg_nano.a(lib_a-sprintf.o)
 .ARM.attributes
                0x00000524       0x2d c:/program files (x86)/cypress/psoc creator/4.2/psoc creator/import/gnu/arm/5.4.1/bin/../lib/gcc/arm-none-eabi/5.4.1/../../../../arm-none-eabi/lib/armv7-m\libg_nano.a(lib_a-nano-svfprintf.o)
 .ARM.attributes
                0x00000551       0x2d c:/program files (x86)/cypress/psoc creator/4.2/psoc creator/import/gnu/arm/5.4.1/bin/../lib/gcc/arm-none-eabi/5.4.1/../../../../arm-none-eabi/lib/armv7-m\libg_nano.a(lib_a-nano-vfprintf_i.o)
 .ARM.attributes
                0x0000057e       0x2d c:/program files (x86)/cypress/psoc creator/4.2/psoc creator/import/gnu/arm/5.4.1/bin/../lib/gcc/arm-none-eabi/5.4.1/../../../../arm-none-eabi/lib/armv7-m\libg_nano.a(lib_a-memchr-stub.o)
 .ARM.attributes
                0x000005ab       0x2d c:/program files (x86)/cypress/psoc creator/4.2/psoc creator/import/gnu/arm/5.4.1/bin/../lib/gcc/arm-none-eabi/5.4.1/../../../../arm-none-eabi/lib/armv7-m\libg_nano.a(lib_a-memmove.o)
 .ARM.attributes
                0x000005d8       0x2d c:/program files (x86)/cypress/psoc creator/4.2/psoc creator/import/gnu/arm/5.4.1/bin/../lib/gcc/arm-none-eabi/5.4.1/../../../../arm-none-eabi/lib/armv7-m\libg_nano.a(lib_a-nano-freer.o)
 .ARM.attributes
                0x00000605       0x2d c:/program files (x86)/cypress/psoc creator/4.2/psoc creator/import/gnu/arm/5.4.1/bin/../lib/gcc/arm-none-eabi/5.4.1/../../../../arm-none-eabi/lib/armv7-m\libg_nano.a(lib_a-nano-mallocr.o)
 .ARM.attributes
                0x00000632       0x2d c:/program files (x86)/cypress/psoc creator/4.2/psoc creator/import/gnu/arm/5.4.1/bin/../lib/gcc/arm-none-eabi/5.4.1/../../../../arm-none-eabi/lib/armv7-m\libg_nano.a(lib_a-nano-reallocr.o)
 .ARM.attributes
                0x0000065f       0x2d c:/program files (x86)/cypress/psoc creator/4.2/psoc creator/import/gnu/arm/5.4.1/bin/../lib/gcc/arm-none-eabi/5.4.1/../../../../arm-none-eabi/lib/armv7-m\libg_nano.a(lib_a-sbrkr.o)
 .ARM.attributes
                0x0000068c       0x2d c:/program files (x86)/cypress/psoc creator/4.2/psoc creator/import/gnu/arm/5.4.1/bin/../lib/gcc/arm-none-eabi/5.4.1/../../../../arm-none-eabi/lib/armv7-m\libg_nano.a(lib_a-mlock.o)
 .ARM.attributes
                0x000006b9       0x2d c:/program files (x86)/cypress/psoc creator/4.2/psoc creator/import/gnu/arm/5.4.1/bin/../lib/gcc/arm-none-eabi/5.4.1/../../../../arm-none-eabi/lib/armv7-m\libg_nano.a(lib_a-nano-msizer.o)
 .ARM.attributes
                0x000006e6       0x2d c:/program files (x86)/cypress/psoc creator/4.2/psoc creator/import/gnu/arm/5.4.1/bin/../lib/gcc/arm-none-eabi/5.4.1/../../../../arm-none-eabi/lib/armv7-m\libg_nano.a(lib_a-reent.o)
 .ARM.attributes
                0x00000713       0x2d c:/program files (x86)/cypress/psoc creator/4.2/psoc creator/import/gnu/arm/5.4.1/bin/../lib/gcc/arm-none-eabi/5.4.1/armv7-m/crtend.o
 .ARM.attributes
                0x00000740       0x1d c:/program files (x86)/cypress/psoc creator/4.2/psoc creator/import/gnu/arm/5.4.1/bin/../lib/gcc/arm-none-eabi/5.4.1/armv7-m/crtn.o

/DISCARD/
 *(.note.GNU-stack)
OUTPUT(C:\Users\LASER_2\Documents\PSoC Creator\gp2y0e03_Psoc_5\Workspace01\SensorDistancia.cydsn\CortexM3\ARM_GCC_541\Debug\SensorDistancia.elf elf32-littlearm)
