Archive member included to satisfy reference by file (symbol)

.\CortexM3\ARM_GCC_541\Debug\SensorDistancia.a(UART.o)
                              .\CortexM3\ARM_GCC_541\Debug\main.o (UART_Start)
.\CortexM3\ARM_GCC_541\Debug\SensorDistancia.a(IRQRX.o)
                              .\CortexM3\ARM_GCC_541\Debug\main.o (IRQRX_StartEx)
.\CortexM3\ARM_GCC_541\Debug\SensorDistancia.a(I2C.o)
                              .\CortexM3\ARM_GCC_541\Debug\main.o (I2C_Start)
.\CortexM3\ARM_GCC_541\Debug\SensorDistancia.a(I2C_INT.o)
                              .\CortexM3\ARM_GCC_541\Debug\SensorDistancia.a(I2C.o) (I2C_ISR)
.\CortexM3\ARM_GCC_541\Debug\SensorDistancia.a(I2C_PM.o)
                              .\CortexM3\ARM_GCC_541\Debug\SensorDistancia.a(I2C.o) (I2C_backup)
.\CortexM3\ARM_GCC_541\Debug\SensorDistancia.a(I2C_MASTER.o)
                              .\CortexM3\ARM_GCC_541\Debug\SensorDistancia.a(I2C.o) (I2C_mstrStatus)
.\CortexM3\ARM_GCC_541\Debug\SensorDistancia.a(UART_IntClock.o)
                              .\CortexM3\ARM_GCC_541\Debug\SensorDistancia.a(UART.o) (UART_IntClock_Start)
.\CortexM3\ARM_GCC_541\Debug\SensorDistancia.a(CyLib.o)
                              .\CortexM3\ARM_GCC_541\Debug\Cm3Start.o (CyHalt)
.\CortexM3\ARM_GCC_541\Debug\SensorDistancia.a(cyPm.o)
                              .\CortexM3\ARM_GCC_541\Debug\SensorDistancia.a(CyLib.o) (CyPmReadStatus)
.\CortexM3\ARM_GCC_541\Debug\SensorDistancia.a(VDAC8.o)
                              .\CortexM3\ARM_GCC_541\Debug\main.o (VDAC8_SetValue)
.\CortexM3\ARM_GCC_541\Debug\SensorDistancia.a(CyBootAsmGnu.o)
                              .\CortexM3\ARM_GCC_541\Debug\cyfitter_cfg.o (CyDelayCycles)
.\CortexM3\ARM_GCC_541\Debug\SensorDistancia.a(CyFlash.o)
                              .\CortexM3\ARM_GCC_541\Debug\SensorDistancia.a(cyPm.o) (CyFlash_SetWaitCycles)
.\CortexM3\ARM_GCC_541\Debug\SensorDistancia.a(CySpc.o)
                              .\CortexM3\ARM_GCC_541\Debug\SensorDistancia.a(CyFlash.o) (CySpcStart)
c:/program files (x86)/cypress/psoc creator/4.2/psoc creator/import/gnu/arm/5.4.1/bin/../lib/gcc/arm-none-eabi/5.4.1/../../../../arm-none-eabi/lib/armv7-m\libg_nano.a(lib_a-errno.o)
                              .\CortexM3\ARM_GCC_541\Debug\Cm3Start.o (__errno)
c:/program files (x86)/cypress/psoc creator/4.2/psoc creator/import/gnu/arm/5.4.1/bin/../lib/gcc/arm-none-eabi/5.4.1/../../../../arm-none-eabi/lib/armv7-m\libg_nano.a(lib_a-exit.o)
                              c:/program files (x86)/cypress/psoc creator/4.2/psoc creator/import/gnu/arm/5.4.1/bin/../lib/gcc/arm-none-eabi/5.4.1/../../../../arm-none-eabi/lib/armv7-m/crt0.o (exit)
c:/program files (x86)/cypress/psoc creator/4.2/psoc creator/import/gnu/arm/5.4.1/bin/../lib/gcc/arm-none-eabi/5.4.1/../../../../arm-none-eabi/lib/armv7-m\libg_nano.a(lib_a-impure.o)
                              c:/program files (x86)/cypress/psoc creator/4.2/psoc creator/import/gnu/arm/5.4.1/bin/../lib/gcc/arm-none-eabi/5.4.1/../../../../arm-none-eabi/lib/armv7-m\libg_nano.a(lib_a-exit.o) (_global_impure_ptr)
c:/program files (x86)/cypress/psoc creator/4.2/psoc creator/import/gnu/arm/5.4.1/bin/../lib/gcc/arm-none-eabi/5.4.1/../../../../arm-none-eabi/lib/armv7-m\libg_nano.a(lib_a-init.o)
                              c:/program files (x86)/cypress/psoc creator/4.2/psoc creator/import/gnu/arm/5.4.1/bin/../lib/gcc/arm-none-eabi/5.4.1/../../../../arm-none-eabi/lib/armv7-m/crt0.o (__libc_init_array)
c:/program files (x86)/cypress/psoc creator/4.2/psoc creator/import/gnu/arm/5.4.1/bin/../lib/gcc/arm-none-eabi/5.4.1/../../../../arm-none-eabi/lib/armv7-m\libg_nano.a(lib_a-memcpy-stub.o)
                              .\CortexM3\ARM_GCC_541\Debug\cyfitter_cfg.o (memcpy)
c:/program files (x86)/cypress/psoc creator/4.2/psoc creator/import/gnu/arm/5.4.1/bin/../lib/gcc/arm-none-eabi/5.4.1/../../../../arm-none-eabi/lib/armv7-m\libg_nano.a(lib_a-memset.o)
                              c:/program files (x86)/cypress/psoc creator/4.2/psoc creator/import/gnu/arm/5.4.1/bin/../lib/gcc/arm-none-eabi/5.4.1/../../../../arm-none-eabi/lib/armv7-m/crt0.o (memset)
c:/program files (x86)/cypress/psoc creator/4.2/psoc creator/import/gnu/arm/5.4.1/bin/../lib/gcc/arm-none-eabi/5.4.1/../../../../arm-none-eabi/lib/armv7-m\libg_nano.a(lib_a-sprintf.o)
                              .\CortexM3\ARM_GCC_541\Debug\main.o (sprintf)
c:/program files (x86)/cypress/psoc creator/4.2/psoc creator/import/gnu/arm/5.4.1/bin/../lib/gcc/arm-none-eabi/5.4.1/../../../../arm-none-eabi/lib/armv7-m\libg_nano.a(lib_a-nano-svfprintf.o)
                              c:/program files (x86)/cypress/psoc creator/4.2/psoc creator/import/gnu/arm/5.4.1/bin/../lib/gcc/arm-none-eabi/5.4.1/../../../../arm-none-eabi/lib/armv7-m\libg_nano.a(lib_a-sprintf.o) (_svfprintf_r)
c:/program files (x86)/cypress/psoc creator/4.2/psoc creator/import/gnu/arm/5.4.1/bin/../lib/gcc/arm-none-eabi/5.4.1/../../../../arm-none-eabi/lib/armv7-m\libg_nano.a(lib_a-nano-vfprintf_i.o)
[...]
Memory Configuration

Name             Origin             Length             Attributes
rom              0x00000000         0x00040000         xr
ram              0x1fff8000         0x00010000         xrw
*default*        0x00000000         0xffffffff

Linker script and memory map

LOAD c:/program files (x86)/cypress/psoc creator/4.2/psoc creator/import/gnu/arm/5.4.1/bin/../lib/gcc/arm-none-eabi/5.4.1/armv7-m/crti.o
LOAD c:/program files (x86)/cypress/psoc creator/4.2/psoc creator/import/gnu/arm/5.4.1/bin/../lib/gcc/arm-none-eabi/5.4.1/armv7-m/crtbegin.o
LOAD c:/program files (x86)/cypress/psoc creator/4.2/psoc creator/import/gnu/arm/5.4.1/bin/../lib/gcc/arm-none-eabi/5.4.1/../../../../arm-none-eabi/lib/armv7-m/crt0.o
START GROUP
LOAD .\CortexM3\ARM_GCC_541\Debug\main.o
LOAD .\CortexM3\ARM_GCC_541\Debug\cyfitter_cfg.o
LOAD .\CortexM3\ARM_GCC_541\Debug\cymetadata.o
LOAD .\CortexM3\ARM_GCC_541\Debug\Cm3Start.o
LOAD .\CortexM3\ARM_GCC_541\Debug\SensorDistancia.a
LOAD C:\Program Files (x86)\Cypress\PSoC Creator\4.2\PSoC Creator\psoc\content\cycomponentlibrary\CyComponentLibrary.cylib\CortexM3\ARM_GCC_541\Debug\CyComponentLibrary.a
END GROUP
START GROUP
LOAD c:/program files (x86)/cypress/psoc creator/4.2/psoc creator/import/gnu/arm/5.4.1/bin/../lib/gcc/arm-none-eabi/5.4.1/armv7-m\libgcc.a
LOAD c:/program files (x86)/cypress/psoc creator/4.2/psoc creator/import/gnu/arm/5.4.1/bin/../lib/gcc/arm-none-eabi/5.4.1/../../../../arm-none-eabi/lib/armv7-m\libg_nano.a
LOAD c:/program files (x86)/cypress/psoc creator/4.2/psoc creator/import/gnu/arm/5.4.1/bin/../lib/gcc/arm-none-eabi/5.4.1/../../../../arm-none-eabi/lib/armv7-m\libc_nano.a
END GROUP
START GROUP
LOAD c:/program files (x86)/cypress/psoc creator/4.2/psoc creator/import/gnu/arm/5.4.1/bin/../lib/gcc/arm-none-eabi/5.4.1/armv7-m\libgcc.a
LOAD c:/program files (x86)/cypress/psoc creator/4.2/psoc creator/import/gnu/arm/5.4.1/bin/../lib/gcc/arm-none-eabi/5.4.1/../../../../arm-none-eabi/lib/armv7-m\libc_nano.a
END GROUP
LOAD c:/program files (x86)/cypress/psoc creator/4.2/psoc creator/import/gnu/arm/5.4.1/bin/../lib/gcc/arm-none-eabi/5.4.1/armv7-m/crtend.o
LOAD c:/program files (x86)/cypress/psoc creator/4.2/psoc creator/import/gnu/arm/5.4.1/bin/../lib/gcc/arm-none-eabi/5.4.1/armv7-m/crtn.o
START GROUP
LOAD c:/program files (x86)/cypress/psoc creator/4.2/psoc creator/import/gnu/arm/5.4.1/bin/../lib/gcc/arm-none-eabi/5.4.1/armv7-m\libgcc.a
LOAD c:/program files (x86)/cypress/psoc creator/4.2/psoc creator/import/gnu/arm/5.4.1/bin/../lib/gcc/arm-none-eabi/5.4.1/../../../../arm-none-eabi/lib/armv7-m\libc.a
LOAD c:/program files (x86)/cypress/psoc creator/4.2/psoc creator/import/gnu/arm/5.4.1/bin/../lib/gcc/arm-none-eabi/5.4.1/../../../../arm-none-eabi/lib/armv7-m\libnosys.a
END GROUP
                0x00000000                CY_APPL_ORIGIN = 0x0
                0x00000100                CY_FLASH_ROW_SIZE = 0x100
                0x00000020                CY_ECC_ROW_SIZE = 0x20
                0x00000000                CY_EE_IN_BTLDR = 0x0
                0x00000000                CY_APPL_LOADABLE = 0x0
                0x00000800                CY_EE_SIZE = 0x800
                0x00000001                CY_APPL_NUM = 0x1
                0x00000001                CY_APPL_MAX = 0x1
                0x00000040                CY_METADATA_SIZE = 0x40
                0x00000000                CY_APPL_LOADABLE = 0x0
                0x00000000                CY_CHECKSUM_EXCLUDE_SIZE = ALIGN (0x0, CY_FLASH_ROW_SIZE)
                [!provide]                PROVIDE (__cy_heap_start, _end)
                0x00000001                PROVIDE (__cy_region_num, ((__cy_regions_end - __cy_regions) / 0x10))
                0x20008000                PROVIDE (__cy_stack, (ORIGIN (ram) + LENGTH (ram)))
                [!provide]                PROVIDE (__cy_heap_end, (__cy_stack - 0x800))

.cybootloader   0x00000000        0x0
 *(.cybootloader)
                0x00000000                appl1_start = CY_APPL_ORIGIN?CY_APPL_ORIGIN:ALIGN (CY_FLASH_ROW_SIZE)
                0x0001ff00                appl2_start = (appl1_start + ALIGN ((((LENGTH (rom) - appl1_start) - (0x2 * CY_FLASH_ROW_SIZE)) / 0x2), CY_FLASH_ROW_SIZE))
                0x00000000                appl_start = (CY_APPL_NUM == 0x1)?appl1_start:appl2_start
                0x00000000                ecc_offset = ((appl_start / CY_FLASH_ROW_SIZE) * CY_ECC_ROW_SIZE)
                0x00000000                ee_offset = (CY_APPL_LOADABLE && ! (CY_EE_IN_BTLDR))?((CY_EE_SIZE / CY_APPL_MAX) * (CY_APPL_NUM - 0x1)):0x0
                0x00000800                ee_size = (CY_APPL_LOADABLE && ! (CY_EE_IN_BTLDR))?(CY_EE_SIZE / CY_APPL_MAX):CY_EE_SIZE
                [!provide]                PROVIDE (CY_ECC_OFFSET, ecc_offset)

.text           0x00000000     0x1558
 CREATE_OBJECT_SYMBOLS
                0x00000000                PROVIDE (__cy_interrupt_vector, RomVectors)
 *(.romvectors)
 .romvectors    0x00000000       0x10 .\CortexM3\ARM_GCC_541\Debug\Cm3Start.o
                0x00000000                RomVectors
                0x00000001                ASSERT ((. != __cy_interrupt_vector), No interrupt vector)
                0x00000001                ASSERT (CY_APPL_ORIGIN?(SIZEOF (.cybootloader) <= CY_APPL_ORIGIN):0x1, Wrong image location)
                0x00000010                PROVIDE (__cy_reset, Reset)
 *(.text.Reset)
 .text.Reset    0x00000010       0x18 .\CortexM3\ARM_GCC_541\Debug\Cm3Start.o
                0x00000010                Reset
                0x00000001                ASSERT ((. != __cy_reset), No reset code)
 *(.dma_init)
                0x00000001                ASSERT ((((appl_start + .) <= 0x10000) || 0x1), DMA Init must be within the first 64k of flash)
 *(.text .text.* .gnu.linkonce.t.*)
 .text          0x00000028       0x5c c:/program files (x86)/cypress/psoc creator/4.2/psoc creator/import/gnu/arm/5.4.1/bin/../lib/gcc/arm-none-eabi/5.4.1/armv7-m/crtbegin.o
 .text.InterrupRx
                0x00000084       0x14 .\CortexM3\ARM_GCC_541\Debug\main.o
                0x00000084                InterrupRx
 .text.DS_beginread
                0x00000098       0x10 .\CortexM3\ARM_GCC_541\Debug\main.o
                0x00000098                DS_beginread
 .text.DS_beginwrite
                0x000000a8       0x10 .\CortexM3\ARM_GCC_541\Debug\main.o
                0x000000a8                DS_beginwrite
 .text.DS_init  0x000000b8       0x3c .\CortexM3\ARM_GCC_541\Debug\main.o
                0x000000b8                DS_init
 .text.DS_get_data
                0x000000f4       0x3c .\CortexM3\ARM_GCC_541\Debug\main.o
                0x000000f4                DS_get_data
 .text.main     0x00000130       0x70 .\CortexM3\ARM_GCC_541\Debug\main.o
                0x00000130                main
 .text.CyClockStartupError
                0x000001a0        0x4 .\CortexM3\ARM_GCC_541\Debug\cyfitter_cfg.o
 .text.cfg_write_bytes32
                0x000001a4       0x34 .\CortexM3\ARM_GCC_541\Debug\cyfitter_cfg.o
 .text.AnalogSetDefault
                0x000001d8       0x38 .\CortexM3\ARM_GCC_541\Debug\cyfitter_cfg.o
 .text.CYMEMZERO
                0x00000210        0xc .\CortexM3\ARM_GCC_541\Debug\cyfitter_cfg.o
 .text.ClockSetup
                0x0000021c       0xb8 .\CortexM3\ARM_GCC_541\Debug\cyfitter_cfg.o
 .text.CYCONFIGCPY
                0x000002d4        0x8 .\CortexM3\ARM_GCC_541\Debug\cyfitter_cfg.o
 .text.cyfitter_cfg
                0x000002dc      0x110 .\CortexM3\ARM_GCC_541\Debug\cyfitter_cfg.o
                0x000002dc                cyfitter_cfg
 .text.IntDefaultHandler
                0x000003ec       0x10 .\CortexM3\ARM_GCC_541\Debug\Cm3Start.o
                0x000003ec                IntDefaultHandler
 .text._sbrk    0x000003fc       0x30 .\CortexM3\ARM_GCC_541\Debug\Cm3Start.o
                0x000003fc                _sbrk
 .text.Start_c  0x0000042c       0x4c .\CortexM3\ARM_GCC_541\Debug\Cm3Start.o
                0x0000042c                Start_c
 .text.initialize_psoc
                0x00000478       0x68 .\CortexM3\ARM_GCC_541\Debug\Cm3Start.o
                0x00000478                initialize_psoc
 .text.UART_Init
                0x000004e0       0x28 .\CortexM3\ARM_GCC_541\Debug\SensorDistancia.a(UART.o)
                0x000004e0                UART_Init
 .text.UART_Enable
                0x00000508       0x38 .\CortexM3\ARM_GCC_541\Debug\SensorDistancia.a(UART.o)
                0x00000508                UART_Enable
 .text.UART_Start
                0x00000540       0x1c .\CortexM3\ARM_GCC_541\Debug\SensorDistancia.a(UART.o)
                0x00000540                UART_Start
 .text.UART_GetChar
                0x0000055c       0x2c .\CortexM3\ARM_GCC_541\Debug\SensorDistancia.a(UART.o)
                0x0000055c                UART_GetChar
 .text.UART_PutChar
                0x00000588       0x18 .\CortexM3\ARM_GCC_541\Debug\SensorDistancia.a(UART.o)
                0x00000588                UART_PutChar
 .text.UART_PutString
                0x000005a0       0x24 .\CortexM3\ARM_GCC_541\Debug\SensorDistancia.a(UART.o)
                0x000005a0                UART_PutString
 .text.IRQRX_SetVector
                0x000005c4        0xc .\CortexM3\ARM_GCC_541\Debug\SensorDistancia.a(IRQRX.o)
                0x000005c4                IRQRX_SetVector
 .text.IRQRX_SetPriority
                0x000005d0       0x10 .\CortexM3\ARM_GCC_541\Debug\SensorDistancia.a(IRQRX.o)
                0x000005d0                IRQRX_SetPriority
 .text.IRQRX_Enable
                0x000005e0        0xc .\CortexM3\ARM_GCC_541\Debug\SensorDistancia.a(IRQRX.o)
                0x000005e0                IRQRX_Enable
 .text.IRQRX_Disable
                0x000005ec        0xc .\CortexM3\ARM_GCC_541\Debug\SensorDistancia.a(IRQRX.o)
                0x000005ec                IRQRX_Disable
 .text.IRQRX_StartEx
                0x000005f8       0x1c .\CortexM3\ARM_GCC_541\Debug\SensorDistancia.a(IRQRX.o)
                0x000005f8                IRQRX_StartEx
 .text.I2C_Init
                0x00000614       0x68 .\CortexM3\ARM_GCC_541\Debug\SensorDistancia.a(I2C.o)
                0x00000614                I2C_Init
 .text.I2C_Enable
                0x0000067c       0x24 .\CortexM3\ARM_GCC_541\Debug\SensorDistancia.a(I2C.o)
                0x0000067c                I2C_Enable
 .text.I2C_Start
                0x000006a0       0x28 .\CortexM3\ARM_GCC_541\Debug\SensorDistancia.a(I2C.o)
                0x000006a0                I2C_Start
 .text.I2C_ISR  0x000006c8      0x2d0 .\CortexM3\ARM_GCC_541\Debug\SensorDistancia.a(I2C_INT.o)
                0x000006c8                I2C_ISR
 .text.I2C_MasterSendStart
                0x00000998       0x80 .\CortexM3\ARM_GCC_541\Debug\SensorDistancia.a(I2C_MASTER.o)
                0x00000998                I2C_MasterSendStart
 .text.I2C_MasterSendStop
                0x00000a18       0x38 .\CortexM3\ARM_GCC_541\Debug\SensorDistancia.a(I2C_MASTER.o)
                0x00000a18                I2C_MasterSendStop
 .text.I2C_MasterWriteByte
                0x00000a50       0x58 .\CortexM3\ARM_GCC_541\Debug\SensorDistancia.a(I2C_MASTER.o)
                0x00000a50                I2C_MasterWriteByte
 .text.I2C_MasterReadByte
                0x00000aa8       0x58 .\CortexM3\ARM_GCC_541\Debug\SensorDistancia.a(I2C_MASTER.o)
                0x00000aa8                I2C_MasterReadByte
 .text.UART_IntClock_Start
                0x00000b00       0x1c .\CortexM3\ARM_GCC_541\Debug\SensorDistancia.a(UART_IntClock.o)
                0x00000b00                UART_IntClock_Start
 .text.CyHalt   0x00000b1c        0x4 .\CortexM3\ARM_GCC_541\Debug\SensorDistancia.a(CyLib.o)
                0x00000b1c                CyHalt
 .text.CyDelay  0x00000b20       0x2c .\CortexM3\ARM_GCC_541\Debug\SensorDistancia.a(CyLib.o)
                0x00000b20                CyDelay
 .text.CyIntSetVector
                0x00000b4c       0x28 .\CortexM3\ARM_GCC_541\Debug\SensorDistancia.a(CyLib.o)
                0x00000b4c                CyIntSetVector
 .text.CyIntSetPriority
                0x00000b74       0x30 .\CortexM3\ARM_GCC_541\Debug\SensorDistancia.a(CyLib.o)
                0x00000b74                CyIntSetPriority
 .text.VDAC8_Enable
                0x00000ba4       0x1c .\CortexM3\ARM_GCC_541\Debug\SensorDistancia.a(VDAC8.o)
                0x00000ba4                VDAC8_Enable
 .text.VDAC8_SetSpeed
                0x00000bc0       0x1c .\CortexM3\ARM_GCC_541\Debug\SensorDistancia.a(VDAC8.o)
                0x00000bc0                VDAC8_SetSpeed
 .text.VDAC8_SetValue
                0x00000bdc        0xc .\CortexM3\ARM_GCC_541\Debug\SensorDistancia.a(VDAC8.o)
                0x00000bdc                VDAC8_SetValue
 .text.VDAC8_DacTrim
                0x00000be8       0x24 .\CortexM3\ARM_GCC_541\Debug\SensorDistancia.a(VDAC8.o)
                0x00000be8                VDAC8_DacTrim
 .text.VDAC8_SetRange
                0x00000c0c       0x20 .\CortexM3\ARM_GCC_541\Debug\SensorDistancia.a(VDAC8.o)
                0x00000c0c                VDAC8_SetRange
 .text.VDAC8_Init
                0x00000c2c       0x20 .\CortexM3\ARM_GCC_541\Debug\SensorDistancia.a(VDAC8.o)
                0x00000c2c                VDAC8_Init
 .text.VDAC8_Start
                0x00000c4c       0x24 .\CortexM3\ARM_GCC_541\Debug\SensorDistancia.a(VDAC8.o)
                0x00000c4c                VDAC8_Start
 .text          0x00000c70       0x20 .\CortexM3\ARM_GCC_541\Debug\SensorDistancia.a(CyBootAsmGnu.o)
                0x00000c70                CyDelayCycles
                0x00000c80                CyEnterCriticalSection
                0x00000c88                CyExitCriticalSection
 .text.__errno  0x00000c90        0xc c:/program files (x86)/cypress/psoc creator/4.2/psoc creator/import/gnu/arm/5.4.1/bin/../lib/gcc/arm-none-eabi/5.4.1/../../../../arm-none-eabi/lib/armv7-m\libg_nano.a(lib_a-errno.o)
                0x00000c90                __errno
 .text.__libc_init_array
                0x00000c9c       0x4c c:/program files (x86)/cypress/psoc creator/4.2/psoc creator/import/gnu/arm/5.4.1/bin/../lib/gcc/arm-none-eabi/5.4.1/../../../../arm-none-eabi/lib/armv7-m\libg_nano.a(lib_a-init.o)
                0x00000c9c                __libc_init_array
 .text.memcpy   0x00000ce8       0x16 c:/program files (x86)/cypress/psoc creator/4.2/psoc creator/import/gnu/arm/5.4.1/bin/../lib/gcc/arm-none-eabi/5.4.1/../../../../arm-none-eabi/lib/armv7-m\libg_nano.a(lib_a-memcpy-stub.o)
                0x00000ce8                memcpy
 .text.memset   0x00000cfe       0x10 c:/program files (x86)/cypress/psoc creator/4.2/psoc creator/import/gnu/arm/5.4.1/bin/../lib/gcc/arm-none-eabi/5.4.1/../../../../arm-none-eabi/lib/armv7-m\libg_nano.a(lib_a-memset.o)
                0x00000cfe                memset
 *fill*         0x00000d0e        0x2 
 .text.sprintf  0x00000d10       0x48 c:/program files (x86)/cypress/psoc creator/4.2/psoc creator/import/gnu/arm/5.4.1/bin/../lib/gcc/arm-none-eabi/5.4.1/../../../../arm-none-eabi/lib/armv7-m\libg_nano.a(lib_a-sprintf.o)
                0x00000d10                siprintf
                0x00000d10                sprintf
 .text.__ssputs_r
                0x00000d58       0xb2 c:/program files (x86)/cypress/psoc creator/4.2/psoc creator/import/gnu/arm/5.4.1/bin/../lib/gcc/arm-none-eabi/5.4.1/../../../../arm-none-eabi/lib/armv7-m\libg_nano.a(lib_a-nano-svfprintf.o)
                0x00000d58                __ssputs_r
 *fill*         0x00000e0a        0x2 
 .text._svfprintf_r
                0x00000e0c      0x1e8 c:/program files (x86)/cypress/psoc creator/4.2/psoc creator/import/gnu/arm/5.4.1/bin/../lib/gcc/arm-none-eabi/5.4.1/../../../../arm-none-eabi/lib/armv7-m\libg_nano.a(lib_a-nano-svfprintf.o)
                0x00000e0c                _svfiprintf_r
                0x00000e0c                _svfprintf_r
 .text._printf_common
                0x00000ff4       0xec c:/program files (x86)/cypress/psoc creator/4.2/psoc creator/import/gnu/arm/5.4.1/bin/../lib/gcc/arm-none-eabi/5.4.1/../../../../arm-none-eabi/lib/armv7-m\libg_nano.a(lib_a-nano-vfprintf_i.o)
                0x00000ff4                _printf_common
 .text._printf_i
                0x000010e0      0x24c c:/program files (x86)/cypress/psoc creator/4.2/psoc creator/import/gnu/arm/5.4.1/bin/../lib/gcc/arm-none-eabi/5.4.1/../../../../arm-none-eabi/lib/armv7-m\libg_nano.a(lib_a-nano-vfprintf_i.o)
                0x000010e0                _printf_i
 .text.memchr   0x0000132c       0x1c c:/program files (x86)/cypress/psoc creator/4.2/psoc creator/import/gnu/arm/5.4.1/bin/../lib/gcc/arm-none-eabi/5.4.1/../../../../arm-none-eabi/lib/armv7-m\libg_nano.a(lib_a-memchr-stub.o)
                0x0000132c                memchr
 .text.memmove  0x00001348       0x36 c:/program files (x86)/cypress/psoc creator/4.2/psoc creator/import/gnu/arm/5.4.1/bin/../lib/gcc/arm-none-eabi/5.4.1/../../../../arm-none-eabi/lib/armv7-m\libg_nano.a(lib_a-memmove.o)
                0x00001348                memmove
 *fill*         0x0000137e        0x2 
 .text._free_r  0x00001380       0x98 c:/program files (x86)/cypress/psoc creator/4.2/psoc creator/import/gnu/arm/5.4.1/bin/../lib/gcc/arm-none-eabi/5.4.1/../../../../arm-none-eabi/lib/armv7-m\libg_nano.a(lib_a-nano-freer.o)
                0x00001380                _free_r
 .text._malloc_r
                0x00001418       0xbc c:/program files (x86)/cypress/psoc creator/4.2/psoc creator/import/gnu/arm/5.4.1/bin/../lib/gcc/arm-none-eabi/5.4.1/../../../../arm-none-eabi/lib/armv7-m\libg_nano.a(lib_a-nano-mallocr.o)
                0x00001418                _malloc_r
 .text._realloc_r
                0x000014d4       0x4c c:/program files (x86)/cypress/psoc creator/4.2/psoc creator/import/gnu/arm/5.4.1/bin/../lib/gcc/arm-none-eabi/5.4.1/../../../../arm-none-eabi/lib/armv7-m\libg_nano.a(lib_a-nano-reallocr.o)
                0x000014d4                _realloc_r
 .text._sbrk_r  0x00001520       0x20 c:/program files (x86)/cypress/psoc creator/4.2/psoc creator/import/gnu/arm/5.4.1/bin/../lib/gcc/arm-none-eabi/5.4.1/../../../../arm-none-eabi/lib/armv7-m\libg_nano.a(lib_a-sbrkr.o)
                0x00001520                _sbrk_r
 .text.__malloc_lock
                0x00001540        0x2 c:/program files (x86)/cypress/psoc creator/4.2/psoc creator/import/gnu/arm/5.4.1/bin/../lib/gcc/arm-none-eabi/5.4.1/../../../../arm-none-eabi/lib/armv7-m\libg_nano.a(lib_a-mlock.o)
                0x00001540                __malloc_lock
 .text.__malloc_unlock
                0x00001542        0x2 c:/program files (x86)/cypress/psoc creator/4.2/psoc creator/import/gnu/arm/5.4.1/bin/../lib/gcc/arm-none-eabi/5.4.1/../../../../arm-none-eabi/lib/armv7-m\libg_nano.a(lib_a-mlock.o)
                0x00001542                __malloc_unlock
 .text._malloc_usable_size_r
                0x00001544       0x14 c:/program files (x86)/cypress/psoc creator/4.2/psoc creator/import/gnu/arm/5.4.1/bin/../lib/gcc/arm-none-eabi/5.4.1/../../../../arm-none-eabi/lib/armv7-m\libg_nano.a(lib_a-nano-msizer.o)
                0x00001544                _malloc_usable_size_r
 *(.plt)
 *(.gnu.warning)
 *(.glue_7t)
 .glue_7t       0x00001558        0x0 linker stubs
 *(.glue_7)
 .glue_7        0x00001558        0x0 linker stubs
 *(.vfp11_veneer)
 .vfp11_veneer  0x00001558        0x0 linker stubs
 *(.bootloader)
 *(.ARM.extab* .gnu.linkonce.armextab.*)
 *(.gcc_except_table)

.v4_bx          0x00001558        0x0
 .v4_bx         0x00001558        0x0 linker stubs

.iplt           0x00001558        0x0
 .iplt          0x00001558        0x0 c:/program files (x86)/cypress/psoc creator/4.2/psoc creator/import/gnu/arm/5.4.1/bin/../lib/gcc/arm-none-eabi/5.4.1/armv7-m/crtbegin.o

.eh_frame_hdr
 *(.eh_frame_hdr)

.eh_frame       0x00001558        0x4
 *(.eh_frame)
 .eh_frame      0x00001558        0x0 c:/program files (x86)/cypress/psoc creator/4.2/psoc creator/import/gnu/arm/5.4.1/bin/../lib/gcc/arm-none-eabi/5.4.1/armv7-m/crtbegin.o
 .eh_frame      0x00001558        0x4 c:/program files (x86)/cypress/psoc creator/4.2/psoc creator/import/gnu/arm/5.4.1/bin/../lib/gcc/arm-none-eabi/5.4.1/armv7-m/crtend.o
                [!provide]                PROVIDE (__exidx_start, .)

.ARM.exidx
 *(.ARM.exidx* .gnu.linkonce.armexidx.*)
                0x0000155c                __exidx_end = .

.rodata         0x0000155c      0x17c
 *(.rodata .rodata.* .gnu.linkonce.r.*)
 .rodata.str1.4
                0x0000155c       0xc0 .\CortexM3\ARM_GCC_541\Debug\main.o
                                 0xbd (size before relaxing)
 .rodata        0x0000161c       0x4e .\CortexM3\ARM_GCC_541\Debug\cyfitter_cfg.o
 .rodata.str1.1
                0x0000166a        0x2 c:/program files (x86)/cypress/psoc creator/4.2/psoc creator/import/gnu/arm/5.4.1/bin/../lib/gcc/arm-none-eabi/5.4.1/../../../../arm-none-eabi/lib/armv7-m\libg_nano.a(lib_a-impure.o)
 .rodata.str1.1
                0x0000166c       0x11 c:/program files (x86)/cypress/psoc creator/4.2/psoc creator/import/gnu/arm/5.4.1/bin/../lib/gcc/arm-none-eabi/5.4.1/../../../../arm-none-eabi/lib/armv7-m\libg_nano.a(lib_a-nano-svfprintf.o)
 .rodata.str1.1
                0x0000167d       0x22 c:/program files (x86)/cypress/psoc creator/4.2/psoc creator/import/gnu/arm/5.4.1/bin/../lib/gcc/arm-none-eabi/5.4.1/../../../../arm-none-eabi/lib/armv7-m\libg_nano.a(lib_a-nano-vfprintf_i.o)
                0x000016a0                . = ALIGN (0x4)
 *fill*         0x0000169f        0x1 
 *(.init)
 .init          0x000016a0        0x4 c:/program files (x86)/cypress/psoc creator/4.2/psoc creator/import/gnu/arm/5.4.1/bin/../lib/gcc/arm-none-eabi/5.4.1/armv7-m/crti.o
                0x000016a0                _init
 .init          0x000016a4        0x8 c:/program files (x86)/cypress/psoc creator/4.2/psoc creator/import/gnu/arm/5.4.1/bin/../lib/gcc/arm-none-eabi/5.4.1/armv7-m/crtn.o
                0x000016ac                . = ALIGN (0x4)
                0x000016ac                __preinit_array_start = .
 *(.preinit_array)
                0x000016ac                __preinit_array_end = .
                0x000016ac                . = ALIGN (0x4)
                0x000016ac                __init_array_start = .
 *(SORT(.init_array.*))
 *(.init_array)
 .init_array    0x000016ac        0x4 c:/program files (x86)/cypress/psoc creator/4.2/psoc creator/import/gnu/arm/5.4.1/bin/../lib/gcc/arm-none-eabi/5.4.1/armv7-m/crtbegin.o
 .init_array    0x000016b0        0x4 .\CortexM3\ARM_GCC_541\Debug\Cm3Start.o
                0x000016b4                __init_array_end = .
                0x000016b4                . = ALIGN (0x4)
 *(.fini)
 .fini          0x000016b4        0x4 c:/program files (x86)/cypress/psoc creator/4.2/psoc creator/import/gnu/arm/5.4.1/bin/../lib/gcc/arm-none-eabi/5.4.1/armv7-m/crti.o
                0x000016b4                _fini
 .fini          0x000016b8        0x8 c:/program files (x86)/cypress/psoc creator/4.2/psoc creator/import/gnu/arm/5.4.1/bin/../lib/gcc/arm-none-eabi/5.4.1/armv7-m/crtn.o
                0x000016c0                . = ALIGN (0x4)
                0x000016c0                __fini_array_start = .
 *(.fini_array)
 .fini_array    0x000016c0        0x4 c:/program files (x86)/cypress/psoc creator/4.2/psoc creator/import/gnu/arm/5.4.1/bin/../lib/gcc/arm-none-eabi/5.4.1/armv7-m/crtbegin.o
 *(SORT(.fini_array.*))
                0x000016c4                __fini_array_end = .
                0x000016c4                . = ALIGN (0x4)
 *crtbegin.o(.ctors)
 *(EXCLUDE_FILE(*crtend.o) .ctors)
 *(SORT(.ctors.*))
 *crtend.o(.ctors)
                0x000016c4                . = ALIGN (0x4)
 *crtbegin.o(.dtors)
 *(EXCLUDE_FILE(*crtend.o) .dtors)
 *(SORT(.dtors.*))
 *crtend.o(.dtors)
                0x000016c4                . = ALIGN (0x4)
                0x000016c4                __cy_regions = .
                0x000016c4        0x4 LONG 0x16d8 __cy_region_init_ram
                0x000016c8        0x4 LONG 0x1fff80c8 __cy_region_start_data
                0x000016cc        0x4 LONG 0x80 __cy_region_init_size_ram
                0x000016d0        0x4 LONG 0x50 __cy_region_zero_size_ram
                0x000016d4                __cy_regions_end = .
                0x000016d8                . = ALIGN (0x8)
 *fill*         0x000016d4        0x4 
                0x000016d8                _etext = .

.cy_checksum_exclude
                0x000016d8        0x0
 *(.cy_checksum_exclude)

.ramvectors     0x1fff8000       0xc0
                0x1fff8000                __cy_region_start_ram = .
 *(.ramvectors)
 .ramvectors    0x1fff8000       0xc0 .\CortexM3\ARM_GCC_541\Debug\Cm3Start.o
                0x1fff8000                CyRamVectors

.noinit         0x1fff80c0        0x1
 *(.noinit)
 .noinit        0x1fff80c0        0x1 .\CortexM3\ARM_GCC_541\Debug\SensorDistancia.a(CyLib.o)
                0x1fff80c0                CyResetStatus

.data           0x1fff80c8       0x80 load address 0x000016d8
                0x1fff80c8                __cy_region_start_data = .
 *(.jcr)
 .jcr           0x1fff80c8        0x0 c:/program files (x86)/cypress/psoc creator/4.2/psoc creator/import/gnu/arm/5.4.1/bin/../lib/gcc/arm-none-eabi/5.4.1/armv7-m/crtbegin.o
 .jcr           0x1fff80c8        0x4 c:/program files (x86)/cypress/psoc creator/4.2/psoc creator/import/gnu/arm/5.4.1/bin/../lib/gcc/arm-none-eabi/5.4.1/armv7-m/crtend.o
 *(.got.plt)
 *(.got)
 *(.shdata)
 *(.data .data.* .gnu.linkonce.d.*)
 .data          0x1fff80cc        0x4 .\CortexM3\ARM_GCC_541\Debug\Cm3Start.o
 .data          0x1fff80d0       0x10 .\CortexM3\ARM_GCC_541\Debug\SensorDistancia.a(CyLib.o)
                0x1fff80d0                cydelay_32k_ms
                0x1fff80d4                cydelay_freq_khz
                0x1fff80d8                cydelay_freq_mhz
                0x1fff80dc                cydelay_freq_hz
 .data.impure_data
                0x1fff80e0       0x60 c:/program files (x86)/cypress/psoc creator/4.2/psoc creator/import/gnu/arm/5.4.1/bin/../lib/gcc/arm-none-eabi/5.4.1/../../../../arm-none-eabi/lib/armv7-m\libg_nano.a(lib_a-impure.o)
 .data._impure_ptr
                0x1fff8140        0x4 c:/program files (x86)/cypress/psoc creator/4.2/psoc creator/import/gnu/arm/5.4.1/bin/../lib/gcc/arm-none-eabi/5.4.1/../../../../arm-none-eabi/lib/armv7-m\libg_nano.a(lib_a-impure.o)
                0x1fff8140                _impure_ptr
                0x1fff8148                . = ALIGN (0x8)
 *fill*         0x1fff8144        0x4 
 *(.ram)
                0x1fff8148                _edata = .

.igot.plt       0x1fff8148        0x0 load address 0x00001758
 .igot.plt      0x1fff8148        0x0 c:/program files (x86)/cypress/psoc creator/4.2/psoc creator/import/gnu/arm/5.4.1/bin/../lib/gcc/arm-none-eabi/5.4.1/armv7-m/crtbegin.o

.bss            0x1fff8148       0x50 load address 0x00001758
                0x1fff8148                PROVIDE (__bss_start__, .)
 *(.shbss)
 *(.bss .bss.* .gnu.linkonce.b.*)
 .bss           0x1fff8148       0x1c c:/program files (x86)/cypress/psoc creator/4.2/psoc creator/import/gnu/arm/5.4.1/bin/../lib/gcc/arm-none-eabi/5.4.1/armv7-m/crtbegin.o
 .bss           0x1fff8164        0xd .\CortexM3\ARM_GCC_541\Debug\main.o
                0x1fff8164                buffer
                0x1fff8170                distance_cm
 .bss           0x1fff8171        0x2 .\CortexM3\ARM_GCC_541\Debug\SensorDistancia.a(UART.o)
                0x1fff8171                UART_initVar
 .bss           0x1fff8173        0x1 .\CortexM3\ARM_GCC_541\Debug\SensorDistancia.a(I2C.o)
                0x1fff8173                I2C_initVar
 .bss           0x1fff8174        0x1 .\CortexM3\ARM_GCC_541\Debug\SensorDistancia.a(VDAC8.o)
                0x1fff8174                VDAC8_initVar
 *fill*         0x1fff8175        0x3 
 .bss.__malloc_sbrk_start
                0x1fff8178        0x4 c:/program files (x86)/cypress/psoc creator/4.2/psoc creator/import/gnu/arm/5.4.1/bin/../lib/gcc/arm-none-eabi/5.4.1/../../../../arm-none-eabi/lib/armv7-m\libg_nano.a(lib_a-nano-mallocr.o)
                0x1fff8178                __malloc_sbrk_start
 .bss.__malloc_free_list
                0x1fff817c        0x4 c:/program files (x86)/cypress/psoc creator/4.2/psoc creator/import/gnu/arm/5.4.1/bin/../lib/gcc/arm-none-eabi/5.4.1/../../../../arm-none-eabi/lib/armv7-m\libg_nano.a(lib_a-nano-mallocr.o)
                0x1fff817c                __malloc_free_list
 *(COMMON)
 COMMON         0x1fff8180        0x1 .\CortexM3\ARM_GCC_541\Debug\main.o
                0x1fff8180                dato
 COMMON         0x1fff8181        0x1 .\CortexM3\ARM_GCC_541\Debug\SensorDistancia.a(I2C.o)
                0x1fff8181                I2C_state
 *fill*         0x1fff8182        0x2 
 COMMON         0x1fff8184       0x10 .\CortexM3\ARM_GCC_541\Debug\SensorDistancia.a(I2C_MASTER.o)
                0x1fff8184                I2C_mstrWrBufIndex
                0x1fff8185                I2C_mstrWrBufSize
                0x1fff8186                I2C_mstrStatus
                0x1fff8188                I2C_mstrRdBufPtr
                0x1fff818c                I2C_mstrControl
                0x1fff818d                I2C_mstrRdBufSize
                0x1fff818e                I2C_mstrRdBufIndex
                0x1fff8190                I2C_mstrWrBufPtr
 COMMON         0x1fff8194        0x4 c:/program files (x86)/cypress/psoc creator/4.2/psoc creator/import/gnu/arm/5.4.1/bin/../lib/gcc/arm-none-eabi/5.4.1/../../../../arm-none-eabi/lib/armv7-m\libg_nano.a(lib_a-reent.o)
                0x1fff8194                errno
                0x1fff8198                . = ALIGN (0x8)
 *(.ram.b)
                0x1fff8198                _end = .
                0x1fff8198                __end = .
                0x1fff8198                PROVIDE (end, .)
                0x1fff8198                PROVIDE (__bss_end__, .)
                0x000016d8                __cy_region_init_ram = LOADADDR (.data)
                0x00000080                __cy_region_init_size_ram = (_edata - ADDR (.data))
                0x00000050                __cy_region_zero_size_ram = (_end - _edata)

.heap           0x1fff8198       0x80 load address 0x00001758
                0x1fff8198                . = _end
                0x1fff8218                . = (. + 0x80)
 *fill*         0x1fff8198       0x80 
                0x1fff8218                __cy_heap_limit = .

.stack          0x20007800      0x800
                0x20007800                __cy_stack_limit = .
                0x20008000                . = (. + 0x800)
 *fill*         0x20007800      0x800 
                0x00000001                ASSERT ((__cy_stack_limit >= __cy_heap_limit), region RAM overflowed with stack)
                0x00000000                cy_checksum_exclude_size = (CY_APPL_LOADABLE == 0x1)?SIZEOF (.cy_checksum_exclude):0x0
                0x00000001                ASSERT ((cy_checksum_exclude_size <= CY_CHECKSUM_EXCLUDE_SIZE), CY_BOOT: Section .cy_checksum_exclude size exceedes specified limit.)

.cyloadermeta
 *(.cyloadermeta)

.cyloadablemeta
 *(.cyloadablemeta)

.cyconfigecc    0x80000000      0x370
 *(.cyconfigecc)
 .cyconfigecc   0x80000000      0x370 .\CortexM3\ARM_GCC_541\Debug\cymetadata.o
                0x80000000                cy_meta_configecc

.cycustnvl      0x90000000        0x4
 *(.cycustnvl)
 .cycustnvl     0x90000000        0x4 .\CortexM3\ARM_GCC_541\Debug\cymetadata.o
                0x90000000                cy_meta_custnvl

.cywolatch      0x90100000        0x4
 *(.cywolatch)
 .cywolatch     0x90100000        0x4 .\CortexM3\ARM_GCC_541\Debug\cymetadata.o
                0x90100000                cy_meta_wonvl

.cyeeprom       0x90200000        0x0
 *(.cyeeprom)
                0x00000001                ASSERT ((. <= ((0x90200000 + ee_offset) + ee_size)), .cyeeprom data will not fit in EEPROM)

.cyflashprotect
                0x90400000      0x100
 *(.cyflashprotect)
 .cyflashprotect
                0x90400000      0x100 .\CortexM3\ARM_GCC_541\Debug\cymetadata.o
                0x90400000                cy_meta_flashprotect

.cymeta         0x90500000        0xc
 *(.cymeta)
 .cymeta        0x90500000        0xc .\CortexM3\ARM_GCC_541\Debug\cymetadata.o
                0x90500000                cy_metadata

.rel.dyn        0x00001758        0x0 load address 0x9050000c
 .rel.iplt      0x00001758        0x0 c:/program files (x86)/cypress/psoc creator/4.2/psoc creator/import/gnu/arm/5.4.1/bin/../lib/gcc/arm-none-eabi/5.4.1/armv7-m/crtbegin.o

.stab
 *(.stab)

.stabstr
 *(.stabstr)

.debug
 *(.debug)

.line
 *(.line)

.debug_srcinfo
 *(.debug_srcinfo)

.debug_sfnames
 *(.debug_sfnames)

.debug_aranges  0x00000000      0x908
 *(.debug_aranges)
 .debug_aranges
                0x00000000       0xa8 .\CortexM3\ARM_GCC_541\Debug\main.o
 .debug_aranges
                0x000000a8       0x58 .\CortexM3\ARM_GCC_541\Debug\cyfitter_cfg.o
 .debug_aranges
                0x00000100       0x18 .\CortexM3\ARM_GCC_541\Debug\cymetadata.o
 .debug_aranges
                0x00000118       0x48 .\CortexM3\ARM_GCC_541\Debug\Cm3Start.o
 .debug_aranges
                0x00000160       0xf0 .\CortexM3\ARM_GCC_541\Debug\SensorDistancia.a(UART.o)
 .debug_aranges
                0x00000250       0x80 .\CortexM3\ARM_GCC_541\Debug\SensorDistancia.a(IRQRX.o)
 .debug_aranges
                0x000002d0       0x38 .\CortexM3\ARM_GCC_541\Debug\SensorDistancia.a(I2C.o)
 .debug_aranges
                0x00000308       0x20 .\CortexM3\ARM_GCC_541\Debug\SensorDistancia.a(I2C_INT.o)
 .debug_aranges
                0x00000328       0x38 .\CortexM3\ARM_GCC_541\Debug\SensorDistancia.a(I2C_PM.o)
 .debug_aranges
                0x00000360       0x80 .\CortexM3\ARM_GCC_541\Debug\SensorDistancia.a(I2C_MASTER.o)
 .debug_aranges
                0x000003e0       0x70 .\CortexM3\ARM_GCC_541\Debug\SensorDistancia.a(UART_IntClock.o)
 .debug_aranges
                0x00000450      0x2a0 .\CortexM3\ARM_GCC_541\Debug\SensorDistancia.a(CyLib.o)
 .debug_aranges
                0x000006f0       0x98 .\CortexM3\ARM_GCC_541\Debug\SensorDistancia.a(cyPm.o)
 .debug_aranges
                0x00000788       0x58 .\CortexM3\ARM_GCC_541\Debug\SensorDistancia.a(VDAC8.o)
 .debug_aranges
                0x000007e0       0x20 .\CortexM3\ARM_GCC_541\Debug\SensorDistancia.a(CyBootAsmGnu.o)
 .debug_aranges
                0x00000800       0x88 .\CortexM3\ARM_GCC_541\Debug\SensorDistancia.a(CyFlash.o)
 .debug_aranges
                0x00000888       0x80 .\CortexM3\ARM_GCC_541\Debug\SensorDistancia.a(CySpc.o)

.debug_pubnames
 *(.debug_pubnames)

.debug_info     0x00000000     0x54dc
 *(.debug_info .gnu.linkonce.wi.*)
 .debug_info    0x00000000      0x8f8 .\CortexM3\ARM_GCC_541\Debug\main.o
 .debug_info    0x000008f8      0x595 .\CortexM3\ARM_GCC_541\Debug\cyfitter_cfg.o
 .debug_info    0x00000e8d      0x135 .\CortexM3\ARM_GCC_541\Debug\cymetadata.o
 .debug_info    0x00000fc2      0x3bb .\CortexM3\ARM_GCC_541\Debug\Cm3Start.o
 .debug_info    0x0000137d      0x60c .\CortexM3\ARM_GCC_541\Debug\SensorDistancia.a(UART.o)
 .debug_info    0x00001989      0x2d2 .\CortexM3\ARM_GCC_541\Debug\SensorDistancia.a(IRQRX.o)
 .debug_info    0x00001c5b      0x2ab .\CortexM3\ARM_GCC_541\Debug\SensorDistancia.a(I2C.o)
 .debug_info    0x00001f06      0x184 .\CortexM3\ARM_GCC_541\Debug\SensorDistancia.a(I2C_INT.o)
 .debug_info    0x0000208a      0x207 .\CortexM3\ARM_GCC_541\Debug\SensorDistancia.a(I2C_PM.o)
 .debug_info    0x00002291      0x407 .\CortexM3\ARM_GCC_541\Debug\SensorDistancia.a(I2C_MASTER.o)
 .debug_info    0x00002698      0x283 .\CortexM3\ARM_GCC_541\Debug\SensorDistancia.a(UART_IntClock.o)
 .debug_info    0x0000291b     0x1374 .\CortexM3\ARM_GCC_541\Debug\SensorDistancia.a(CyLib.o)
 .debug_info    0x00003c8f      0xa2a .\CortexM3\ARM_GCC_541\Debug\SensorDistancia.a(cyPm.o)
 .debug_info    0x000046b9      0x1de .\CortexM3\ARM_GCC_541\Debug\SensorDistancia.a(VDAC8.o)
 .debug_info    0x00004897       0xa8 .\CortexM3\ARM_GCC_541\Debug\SensorDistancia.a(CyBootAsmGnu.o)
 .debug_info    0x0000493f      0x64d .\CortexM3\ARM_GCC_541\Debug\SensorDistancia.a(CyFlash.o)
 .debug_info    0x00004f8c      0x550 .\CortexM3\ARM_GCC_541\Debug\SensorDistancia.a(CySpc.o)

.debug_abbrev   0x00000000     0x1635
 *(.debug_abbrev)
 .debug_abbrev  0x00000000      0x17a .\CortexM3\ARM_GCC_541\Debug\main.o
 .debug_abbrev  0x0000017a      0x20d .\CortexM3\ARM_GCC_541\Debug\cyfitter_cfg.o
 .debug_abbrev  0x00000387       0x66 .\CortexM3\ARM_GCC_541\Debug\cymetadata.o
 .debug_abbrev  0x000003ed      0x1e8 .\CortexM3\ARM_GCC_541\Debug\Cm3Start.o
 .debug_abbrev  0x000005d5      0x175 .\CortexM3\ARM_GCC_541\Debug\SensorDistancia.a(UART.o)
 .debug_abbrev  0x0000074a      0x173 .\CortexM3\ARM_GCC_541\Debug\SensorDistancia.a(IRQRX.o)
 .debug_abbrev  0x000008bd      0x10a .\CortexM3\ARM_GCC_541\Debug\SensorDistancia.a(I2C.o)
 .debug_abbrev  0x000009c7       0xb6 .\CortexM3\ARM_GCC_541\Debug\SensorDistancia.a(I2C_INT.o)
 .debug_abbrev  0x00000a7d       0xfe .\CortexM3\ARM_GCC_541\Debug\SensorDistancia.a(I2C_PM.o)
 .debug_abbrev  0x00000b7b      0x13c .\CortexM3\ARM_GCC_541\Debug\SensorDistancia.a(I2C_MASTER.o)
 .debug_abbrev  0x00000cb7      0x139 .\CortexM3\ARM_GCC_541\Debug\SensorDistancia.a(UART_IntClock.o)
 .debug_abbrev  0x00000df0      0x254 .\CortexM3\ARM_GCC_541\Debug\SensorDistancia.a(CyLib.o)
 .debug_abbrev  0x00001044      0x1ab .\CortexM3\ARM_GCC_541\Debug\SensorDistancia.a(cyPm.o)
 .debug_abbrev  0x000011ef       0xf7 .\CortexM3\ARM_GCC_541\Debug\SensorDistancia.a(VDAC8.o)
 .debug_abbrev  0x000012e6       0x14 .\CortexM3\ARM_GCC_541\Debug\SensorDistancia.a(CyBootAsmGnu.o)
 .debug_abbrev  0x000012fa      0x1a7 .\CortexM3\ARM_GCC_541\Debug\SensorDistancia.a(CyFlash.o)
 .debug_abbrev  0x000014a1      0x194 .\CortexM3\ARM_GCC_541\Debug\SensorDistancia.a(CySpc.o)

.debug_line     0x00000000     0x2432
 *(.debug_line)
 .debug_line    0x00000000      0x37a .\CortexM3\ARM_GCC_541\Debug\main.o
 .debug_line    0x0000037a      0x1f5 .\CortexM3\ARM_GCC_541\Debug\cyfitter_cfg.o
 .debug_line    0x0000056f      0x141 .\CortexM3\ARM_GCC_541\Debug\cymetadata.o
 .debug_line    0x000006b0      0x234 .\CortexM3\ARM_GCC_541\Debug\Cm3Start.o
 .debug_line    0x000008e4      0x2bc .\CortexM3\ARM_GCC_541\Debug\SensorDistancia.a(UART.o)
 .debug_line    0x00000ba0      0x132 .\CortexM3\ARM_GCC_541\Debug\SensorDistancia.a(IRQRX.o)
 .debug_line    0x00000cd2       0xd9 .\CortexM3\ARM_GCC_541\Debug\SensorDistancia.a(I2C.o)
 .debug_line    0x00000dab      0x114 .\CortexM3\ARM_GCC_541\Debug\SensorDistancia.a(I2C_INT.o)
 .debug_line    0x00000ebf       0xbb .\CortexM3\ARM_GCC_541\Debug\SensorDistancia.a(I2C_PM.o)
 .debug_line    0x00000f7a      0x1fd .\CortexM3\ARM_GCC_541\Debug\SensorDistancia.a(I2C_MASTER.o)
 .debug_line    0x00001177      0x17c .\CortexM3\ARM_GCC_541\Debug\SensorDistancia.a(UART_IntClock.o)
 .debug_line    0x000012f3      0x816 .\CortexM3\ARM_GCC_541\Debug\SensorDistancia.a(CyLib.o)
 .debug_line    0x00001b09      0x367 .\CortexM3\ARM_GCC_541\Debug\SensorDistancia.a(cyPm.o)
 .debug_line    0x00001e70       0xe2 .\CortexM3\ARM_GCC_541\Debug\SensorDistancia.a(VDAC8.o)
 .debug_line    0x00001f52       0x66 .\CortexM3\ARM_GCC_541\Debug\SensorDistancia.a(CyBootAsmGnu.o)
 .debug_line    0x00001fb8      0x21a .\CortexM3\ARM_GCC_541\Debug\SensorDistancia.a(CyFlash.o)
 .debug_line    0x000021d2      0x260 .\CortexM3\ARM_GCC_541\Debug\SensorDistancia.a(CySpc.o)

.debug_frame    0x00000000     0x1b28
 *(.debug_frame)
 .debug_frame   0x00000000      0x210 .\CortexM3\ARM_GCC_541\Debug\main.o
 .debug_frame   0x00000210       0xe4 .\CortexM3\ARM_GCC_541\Debug\cyfitter_cfg.o
 .debug_frame   0x000002f4       0xb8 .\CortexM3\ARM_GCC_541\Debug\Cm3Start.o
 .debug_frame   0x000003ac      0x250 .\CortexM3\ARM_GCC_541\Debug\SensorDistancia.a(UART.o)
 .debug_frame   0x000005fc      0x104 .\CortexM3\ARM_GCC_541\Debug\SensorDistancia.a(IRQRX.o)
 .debug_frame   0x00000700       0x90 .\CortexM3\ARM_GCC_541\Debug\SensorDistancia.a(I2C.o)
 .debug_frame   0x00000790       0x30 .\CortexM3\ARM_GCC_541\Debug\SensorDistancia.a(I2C_INT.o)
 .debug_frame   0x000007c0       0x74 .\CortexM3\ARM_GCC_541\Debug\SensorDistancia.a(I2C_PM.o)
 .debug_frame   0x00000834      0x138 .\CortexM3\ARM_GCC_541\Debug\SensorDistancia.a(I2C_MASTER.o)
 .debug_frame   0x0000096c       0xe0 .\CortexM3\ARM_GCC_541\Debug\SensorDistancia.a(UART_IntClock.o)
 .debug_frame   0x00000a4c      0x738 .\CortexM3\ARM_GCC_541\Debug\SensorDistancia.a(CyLib.o)
 .debug_frame   0x00001184      0x1f8 .\CortexM3\ARM_GCC_541\Debug\SensorDistancia.a(cyPm.o)
 .debug_frame   0x0000137c       0xb4 .\CortexM3\ARM_GCC_541\Debug\SensorDistancia.a(VDAC8.o)
 .debug_frame   0x00001430      0x194 .\CortexM3\ARM_GCC_541\Debug\SensorDistancia.a(CyFlash.o)
 .debug_frame   0x000015c4      0x180 .\CortexM3\ARM_GCC_541\Debug\SensorDistancia.a(CySpc.o)
 .debug_frame   0x00001744       0x20 c:/program files (x86)/cypress/psoc creator/4.2/psoc creator/import/gnu/arm/5.4.1/bin/../lib/gcc/arm-none-eabi/5.4.1/../../../../arm-none-eabi/lib/armv7-m\libg_nano.a(lib_a-errno.o)
 .debug_frame   0x00001764       0x28 c:/program files (x86)/cypress/psoc creator/4.2/psoc creator/import/gnu/arm/5.4.1/bin/../lib/gcc/arm-none-eabi/5.4.1/../../../../arm-none-eabi/lib/armv7-m\libg_nano.a(lib_a-exit.o)
 .debug_frame   0x0000178c       0x2c c:/program files (x86)/cypress/psoc creator/4.2/psoc creator/import/gnu/arm/5.4.1/bin/../lib/gcc/arm-none-eabi/5.4.1/../../../../arm-none-eabi/lib/armv7-m\libg_nano.a(lib_a-init.o)
 .debug_frame   0x000017b8       0x28 c:/program files (x86)/cypress/psoc creator/4.2/psoc creator/import/gnu/arm/5.4.1/bin/../lib/gcc/arm-none-eabi/5.4.1/../../../../arm-none-eabi/lib/armv7-m\libg_nano.a(lib_a-memcpy-stub.o)
 .debug_frame   0x000017e0       0x20 c:/program files (x86)/cypress/psoc creator/4.2/psoc creator/import/gnu/arm/5.4.1/bin/../lib/gcc/arm-none-eabi/5.4.1/../../../../arm-none-eabi/lib/armv7-m\libg_nano.a(lib_a-memset.o)
 .debug_frame   0x00001800       0x70 c:/program files (x86)/cypress/psoc creator/4.2/psoc creator/import/gnu/arm/5.4.1/bin/../lib/gcc/arm-none-eabi/5.4.1/../../../../arm-none-eabi/lib/armv7-m\libg_nano.a(lib_a-sprintf.o)
 .debug_frame   0x00001870       0x90 c:/program files (x86)/cypress/psoc creator/4.2/psoc creator/import/gnu/arm/5.4.1/bin/../lib/gcc/arm-none-eabi/5.4.1/../../../../arm-none-eabi/lib/armv7-m\libg_nano.a(lib_a-nano-svfprintf.o)
 .debug_frame   0x00001900       0x60 c:/program files (x86)/cypress/psoc creator/4.2/psoc creator/import/gnu/arm/5.4.1/bin/../lib/gcc/arm-none-eabi/5.4.1/../../../../arm-none-eabi/lib/armv7-m\libg_nano.a(lib_a-nano-vfprintf_i.o)
 .debug_frame   0x00001960       0x28 c:/program files (x86)/cypress/psoc creator/4.2/psoc creator/import/gnu/arm/5.4.1/bin/../lib/gcc/arm-none-eabi/5.4.1/../../../../arm-none-eabi/lib/armv7-m\libg_nano.a(lib_a-memchr-stub.o)
 .debug_frame   0x00001988       0x28 c:/program files (x86)/cypress/psoc creator/4.2/psoc creator/import/gnu/arm/5.4.1/bin/../lib/gcc/arm-none-eabi/5.4.1/../../../../arm-none-eabi/lib/armv7-m\libg_nano.a(lib_a-memmove.o)
 .debug_frame   0x000019b0       0x38 c:/program files (x86)/cypress/psoc creator/4.2/psoc creator/import/gnu/arm/5.4.1/bin/../lib/gcc/arm-none-eabi/5.4.1/../../../../arm-none-eabi/lib/armv7-m\libg_nano.a(lib_a-nano-freer.o)
 .debug_frame   0x000019e8       0x2c c:/program files (x86)/cypress/psoc creator/4.2/psoc creator/import/gnu/arm/5.4.1/bin/../lib/gcc/arm-none-eabi/5.4.1/../../../../arm-none-eabi/lib/armv7-m\libg_nano.a(lib_a-nano-mallocr.o)
 .debug_frame   0x00001a14       0x3c c:/program files (x86)/cypress/psoc creator/4.2/psoc creator/import/gnu/arm/5.4.1/bin/../lib/gcc/arm-none-eabi/5.4.1/../../../../arm-none-eabi/lib/armv7-m\libg_nano.a(lib_a-nano-reallocr.o)
 .debug_frame   0x00001a50       0x2c c:/program files (x86)/cypress/psoc creator/4.2/psoc creator/import/gnu/arm/5.4.1/bin/../lib/gcc/arm-none-eabi/5.4.1/../../../../arm-none-eabi/lib/armv7-m\libg_nano.a(lib_a-sbrkr.o)
 .debug_frame   0x00001a7c       0x30 c:/program files (x86)/cypress/psoc creator/4.2/psoc creator/import/gnu/arm/5.4.1/bin/../lib/gcc/arm-none-eabi/5.4.1/../../../../arm-none-eabi/lib/armv7-m\libg_nano.a(lib_a-mlock.o)
 .debug_frame   0x00001aac       0x20 c:/program files (x86)/cypress/psoc creator/4.2/psoc creator/import/gnu/arm/5.4.1/bin/../lib/gcc/arm-none-eabi/5.4.1/../../../../arm-none-eabi/lib/armv7-m\libg_nano.a(lib_a-nano-msizer.o)
 .debug_frame   0x00001acc       0x5c c:/program files (x86)/cypress/psoc creator/4.2/psoc creator/import/gnu/arm/5.4.1/bin/../lib/gcc/arm-none-eabi/5.4.1/../../../../arm-none-eabi/lib/armv7-m\libg_nano.a(lib_a-reent.o)

.debug_str      0x00000000     0x1d0f
 *(.debug_str)
 .debug_str     0x00000000      0x36a .\CortexM3\ARM_GCC_541\Debug\main.o
                                0x3c4 (size before relaxing)
 .debug_str     0x0000036a      0x1b6 .\CortexM3\ARM_GCC_541\Debug\cyfitter_cfg.o
                                0x35c (size before relaxing)
 .debug_str     0x00000520       0x75 .\CortexM3\ARM_GCC_541\Debug\cymetadata.o
                                0x1fc (size before relaxing)
 .debug_str     0x00000595      0x13f .\CortexM3\ARM_GCC_541\Debug\Cm3Start.o
                                0x322 (size before relaxing)
 .debug_str     0x000006d4      0x2ad .\CortexM3\ARM_GCC_541\Debug\SensorDistancia.a(UART.o)
                                0x48d (size before relaxing)
 .debug_str     0x00000981       0xf0 .\CortexM3\ARM_GCC_541\Debug\SensorDistancia.a(IRQRX.o)
                                0x2be (size before relaxing)
 .debug_str     0x00000a71      0x102 .\CortexM3\ARM_GCC_541\Debug\SensorDistancia.a(I2C.o)
                                0x2f9 (size before relaxing)
 .debug_str     0x00000b73       0x86 .\CortexM3\ARM_GCC_541\Debug\SensorDistancia.a(I2C_INT.o)
                                0x277 (size before relaxing)
 .debug_str     0x00000bf9       0x56 .\CortexM3\ARM_GCC_541\Debug\SensorDistancia.a(I2C_PM.o)
                                0x295 (size before relaxing)
 .debug_str     0x00000c4f      0x127 .\CortexM3\ARM_GCC_541\Debug\SensorDistancia.a(I2C_MASTER.o)
                                0x3bc (size before relaxing)
 .debug_str     0x00000d76      0x183 .\CortexM3\ARM_GCC_541\Debug\SensorDistancia.a(UART_IntClock.o)
                                0x34e (size before relaxing)
 .debug_str     0x00000ef9      0x7c9 .\CortexM3\ARM_GCC_541\Debug\SensorDistancia.a(CyLib.o)
                                0xa5f (size before relaxing)
 .debug_str     0x000016c2      0x365 .\CortexM3\ARM_GCC_541\Debug\SensorDistancia.a(cyPm.o)
                                0x74b (size before relaxing)
 .debug_str     0x00001a27       0x88 .\CortexM3\ARM_GCC_541\Debug\SensorDistancia.a(VDAC8.o)
                                0x237 (size before relaxing)
 .debug_str     0x00001aaf      0x1b4 .\CortexM3\ARM_GCC_541\Debug\SensorDistancia.a(CyFlash.o)
                                0x3d8 (size before relaxing)
 .debug_str     0x00001c63       0xac .\CortexM3\ARM_GCC_541\Debug\SensorDistancia.a(CySpc.o)
                                0x350 (size before relaxing)

.debug_loc      0x00000000     0x2555
 *(.debug_loc)
 .debug_loc     0x00000000      0x114 .\CortexM3\ARM_GCC_541\Debug\main.o
 .debug_loc     0x00000114      0x25a .\CortexM3\ARM_GCC_541\Debug\cyfitter_cfg.o
 .debug_loc     0x0000036e      0x144 .\CortexM3\ARM_GCC_541\Debug\Cm3Start.o
 .debug_loc     0x000004b2      0x258 .\CortexM3\ARM_GCC_541\Debug\SensorDistancia.a(UART.o)
 .debug_loc     0x0000070a       0x56 .\CortexM3\ARM_GCC_541\Debug\SensorDistancia.a(IRQRX.o)
 .debug_loc     0x00000760       0x39 .\CortexM3\ARM_GCC_541\Debug\SensorDistancia.a(I2C.o)
 .debug_loc     0x00000799       0x29 .\CortexM3\ARM_GCC_541\Debug\SensorDistancia.a(I2C_INT.o)
 .debug_loc     0x000007c2       0x13 .\CortexM3\ARM_GCC_541\Debug\SensorDistancia.a(I2C_PM.o)
 .debug_loc     0x000007d5      0x52f .\CortexM3\ARM_GCC_541\Debug\SensorDistancia.a(I2C_MASTER.o)
 .debug_loc     0x00000d04      0x12c .\CortexM3\ARM_GCC_541\Debug\SensorDistancia.a(UART_IntClock.o)
 .debug_loc     0x00000e30      0xa11 .\CortexM3\ARM_GCC_541\Debug\SensorDistancia.a(CyLib.o)
 .debug_loc     0x00001841      0x1e4 .\CortexM3\ARM_GCC_541\Debug\SensorDistancia.a(cyPm.o)
 .debug_loc     0x00001a25       0x79 .\CortexM3\ARM_GCC_541\Debug\SensorDistancia.a(VDAC8.o)
 .debug_loc     0x00001a9e      0x3b2 .\CortexM3\ARM_GCC_541\Debug\SensorDistancia.a(CyFlash.o)
 .debug_loc     0x00001e50      0x705 .\CortexM3\ARM_GCC_541\Debug\SensorDistancia.a(CySpc.o)

.debug_macinfo
 *(.debug_macinfo)

.debug_ranges   0x00000000      0x7e0
 *(.debug_ranges)
 .debug_ranges  0x00000000       0x98 .\CortexM3\ARM_GCC_541\Debug\main.o
 .debug_ranges  0x00000098       0x48 .\CortexM3\ARM_GCC_541\Debug\cyfitter_cfg.o
 .debug_ranges  0x000000e0       0x38 .\CortexM3\ARM_GCC_541\Debug\Cm3Start.o
 .debug_ranges  0x00000118       0xe0 .\CortexM3\ARM_GCC_541\Debug\SensorDistancia.a(UART.o)
 .debug_ranges  0x000001f8       0x70 .\CortexM3\ARM_GCC_541\Debug\SensorDistancia.a(IRQRX.o)
 .debug_ranges  0x00000268       0x28 .\CortexM3\ARM_GCC_541\Debug\SensorDistancia.a(I2C.o)
 .debug_ranges  0x00000290       0x10 .\CortexM3\ARM_GCC_541\Debug\SensorDistancia.a(I2C_INT.o)
 .debug_ranges  0x000002a0       0x28 .\CortexM3\ARM_GCC_541\Debug\SensorDistancia.a(I2C_PM.o)
 .debug_ranges  0x000002c8       0x70 .\CortexM3\ARM_GCC_541\Debug\SensorDistancia.a(I2C_MASTER.o)
 .debug_ranges  0x00000338       0x60 .\CortexM3\ARM_GCC_541\Debug\SensorDistancia.a(UART_IntClock.o)
 .debug_ranges  0x00000398      0x290 .\CortexM3\ARM_GCC_541\Debug\SensorDistancia.a(CyLib.o)
 .debug_ranges  0x00000628       0x88 .\CortexM3\ARM_GCC_541\Debug\SensorDistancia.a(cyPm.o)
 .debug_ranges  0x000006b0       0x48 .\CortexM3\ARM_GCC_541\Debug\SensorDistancia.a(VDAC8.o)
 .debug_ranges  0x000006f8       0x78 .\CortexM3\ARM_GCC_541\Debug\SensorDistancia.a(CyFlash.o)
 .debug_ranges  0x00000770       0x70 .\CortexM3\ARM_GCC_541\Debug\SensorDistancia.a(CySpc.o)

.comment        0x00000000       0x6e
 .comment       0x00000000       0x6e .\CortexM3\ARM_GCC_541\Debug\main.o
                                 0x6f (size before relaxing)
 .comment       0x0000006e       0x6f .\CortexM3\ARM_GCC_541\Debug\cyfitter_cfg.o
 .comment       0x0000006e       0x6f .\CortexM3\ARM_GCC_541\Debug\cymetadata.o
 .comment       0x0000006e       0x6f .\CortexM3\ARM_GCC_541\Debug\Cm3Start.o
 .comment       0x0000006e       0x6f .\CortexM3\ARM_GCC_541\Debug\SensorDistancia.a(UART.o)
 .comment       0x0000006e       0x6f .\CortexM3\ARM_GCC_541\Debug\SensorDistancia.a(IRQRX.o)
 .comment       0x0000006e       0x6f .\CortexM3\ARM_GCC_541\Debug\SensorDistancia.a(I2C.o)
 .comment       0x0000006e       0x6f .\CortexM3\ARM_GCC_541\Debug\SensorDistancia.a(I2C_INT.o)
 .comment       0x0000006e       0x6f .\CortexM3\ARM_GCC_541\Debug\SensorDistancia.a(I2C_PM.o)
 .comment       0x0000006e       0x6f .\CortexM3\ARM_GCC_541\Debug\SensorDistancia.a(I2C_MASTER.o)
 .comment       0x0000006e       0x6f .\CortexM3\ARM_GCC_541\Debug\SensorDistancia.a(UART_IntClock.o)
 .comment       0x0000006e       0x6f .\CortexM3\ARM_GCC_541\Debug\SensorDistancia.a(CyLib.o)
 .comment       0x0000006e       0x6f .\CortexM3\ARM_GCC_541\Debug\SensorDistancia.a(cyPm.o)
 .comment       0x0000006e       0x6f .\CortexM3\ARM_GCC_541\Debug\SensorDistancia.a(VDAC8.o)
 .comment       0x0000006e       0x6f .\CortexM3\ARM_GCC_541\Debug\SensorDistancia.a(CyFlash.o)
 .comment       0x0000006e       0x6f .\CortexM3\ARM_GCC_541\Debug\SensorDistancia.a(CySpc.o)

.debug_weaknames
 *(.debug_weaknames)

.debug_funcnames
 *(.debug_funcnames)

.debug_typenames
 *(.debug_typenames)

.debug_varnames
 *(.debug_varnames)

.note.gnu.arm.ident
 *(.note.gnu.arm.ident)

.ARM.attributes
                0x00000000       0x29
 *(.ARM.attributes)
 .ARM.attributes
                0x00000000       0x1d c:/program files (x86)/cypress/psoc creator/4.2/psoc creator/import/gnu/arm/5.4.1/bin/../lib/gcc/arm-none-eabi/5.4.1/armv7-m/crti.o
 .ARM.attributes
                0x0000001d       0x2d c:/program files (x86)/cypress/psoc creator/4.2/psoc creator/import/gnu/arm/5.4.1/bin/../lib/gcc/arm-none-eabi/5.4.1/armv7-m/crtbegin.o
 .ARM.attributes
                0x0000004a       0x1b c:/program files (x86)/cypress/psoc creator/4.2/psoc creator/import/gnu/arm/5.4.1/bin/../lib/gcc/arm-none-eabi/5.4.1/../../../../arm-none-eabi/lib/armv7-m/crt0.o
 .ARM.attributes
                0x00000065       0x33 .\CortexM3\ARM_GCC_541\Debug\main.o
 .ARM.attributes
                0x00000098       0x33 .\CortexM3\ARM_GCC_541\Debug\cyfitter_cfg.o
 .ARM.attributes
                0x000000cb       0x33 .\CortexM3\ARM_GCC_541\Debug\cymetadata.o
 .ARM.attributes
                0x000000fe       0x33 .\CortexM3\ARM_GCC_541\Debug\Cm3Start.o
 .ARM.attributes
                0x00000131       0x33 .\CortexM3\ARM_GCC_541\Debug\SensorDistancia.a(UART.o)
 .ARM.attributes
                0x00000164       0x33 .\CortexM3\ARM_GCC_541\Debug\SensorDistancia.a(IRQRX.o)
 .ARM.attributes
                0x00000197       0x33 .\CortexM3\ARM_GCC_541\Debug\SensorDistancia.a(I2C.o)
 .ARM.attributes
                0x000001ca       0x33 .\CortexM3\ARM_GCC_541\Debug\SensorDistancia.a(I2C_INT.o)
 .ARM.attributes
                0x000001fd       0x33 .\CortexM3\ARM_GCC_541\Debug\SensorDistancia.a(I2C_PM.o)
 .ARM.attributes
                0x00000230       0x33 .\CortexM3\ARM_GCC_541\Debug\SensorDistancia.a(I2C_MASTER.o)
 .ARM.attributes
                0x00000263       0x33 .\CortexM3\ARM_GCC_541\Debug\SensorDistancia.a(UART_IntClock.o)
 .ARM.attributes
                0x00000296       0x33 .\CortexM3\ARM_GCC_541\Debug\SensorDistancia.a(CyLib.o)
 .ARM.attributes
                0x000002c9       0x33 .\CortexM3\ARM_GCC_541\Debug\SensorDistancia.a(cyPm.o)
 .ARM.attributes
                0x000002fc       0x33 .\CortexM3\ARM_GCC_541\Debug\SensorDistancia.a(VDAC8.o)
 .ARM.attributes
                0x0000032f       0x21 .\CortexM3\ARM_GCC_541\Debug\SensorDistancia.a(CyBootAsmGnu.o)
 .ARM.attributes
                0x00000350       0x33 .\CortexM3\ARM_GCC_541\Debug\SensorDistancia.a(CyFlash.o)
 .ARM.attributes
                0x00000383       0x33 .\CortexM3\ARM_GCC_541\Debug\SensorDistancia.a(CySpc.o)
 .ARM.attributes
                0x000003b6       0x2d c:/program files (x86)/cypress/psoc creator/4.2/psoc creator/import/gnu/arm/5.4.1/bin/../lib/gcc/arm-none-eabi/5.4.1/../../../../arm-none-eabi/lib/armv7-m\libg_nano.a(lib_a-errno.o)
 .ARM.attributes
                0x000003e3       0x2d c:/program files (x86)/cypress/psoc creator/4.2/psoc creator/import/gnu/arm/5.4.1/bin/../lib/gcc/arm-none-eabi/5.4.1/../../../../arm-none-eabi/lib/armv7-m\libg_nano.a(lib_a-exit.o)
 .ARM.attributes
                0x00000410       0x2d c:/program files (x86)/cypress/psoc creator/4.2/psoc creator/import/gnu/arm/5.4.1/bin/../lib/gcc/arm-none-eabi/5.4.1/../../../../arm-none-eabi/lib/armv7-m\libg_nano.a(lib_a-impure.o)
 .ARM.attributes
                0x0000043d       0x2d c:/program files (x86)/cypress/psoc creator/4.2/psoc creator/import/gnu/arm/5.4.1/bin/../lib/gcc/arm-none-eabi/5.4.1/../../../../arm-none-eabi/lib/armv7-m\libg_nano.a(lib_a-init.o)
 .ARM.attributes
                0x0000046a       0x2d c:/program files (x86)/cypress/psoc creator/4.2/psoc creator/import/gnu/arm/5.4.1/bin/../lib/gcc/arm-none-eabi/5.4.1/../../../../arm-none-eabi/lib/armv7-m\libg_nano.a(lib_a-memcpy-stub.o)
 .ARM.attributes
                0x00000497       0x2d c:/program files (x86)/cypress/psoc creator/4.2/psoc creator/import/gnu/arm/5.4.1/bin/../lib/gcc/arm-none-eabi/5.4.1/../../../../arm-none-eabi/lib/armv7-m\libg_nano.a(lib_a-memset.o)
 .ARM.attributes
                0x000004c4       0x2d c:/program files (x86)/cypress/psoc creator/4.2/psoc creator/import/gnu/arm/5.4.1/bin/../lib/gcc/arm-none-eabi/5.4.1/../../../../arm-none-eabi/lib/armv7-m\libg_nano.a(lib_a-sprintf.o)
 .ARM.attributes
                0x000004f1       0x2d c:/program files (x86)/cypress/psoc creator/4.2/psoc creator/import/gnu/arm/5.4.1/bin/../lib/gcc/arm-none-eabi/5.4.1/../../../../arm-none-eabi/lib/armv7-m\libg_nano.a(lib_a-nano-svfprintf.o)
 .ARM.attributes
                0x0000051e       0x2d c:/program files (x86)/cypress/psoc creator/4.2/psoc creator/import/gnu/arm/5.4.1/bin/../lib/gcc/arm-none-eabi/5.4.1/../../../../arm-none-eabi/lib/armv7-m\libg_nano.a(lib_a-nano-vfprintf_i.o)
 .ARM.attributes
                0x0000054b       0x2d c:/program files (x86)/cypress/psoc creator/4.2/psoc creator/import/gnu/arm/5.4.1/bin/../lib/gcc/arm-none-eabi/5.4.1/../../../../arm-none-eabi/lib/armv7-m\libg_nano.a(lib_a-memchr-stub.o)
 .ARM.attributes
                0x00000578       0x2d c:/program files (x86)/cypress/psoc creator/4.2/psoc creator/import/gnu/arm/5.4.1/bin/../lib/gcc/arm-none-eabi/5.4.1/../../../../arm-none-eabi/lib/armv7-m\libg_nano.a(lib_a-memmove.o)
 .ARM.attributes
                0x000005a5       0x2d c:/program files (x86)/cypress/psoc creator/4.2/psoc creator/import/gnu/arm/5.4.1/bin/../lib/gcc/arm-none-eabi/5.4.1/../../../../arm-none-eabi/lib/armv7-m\libg_nano.a(lib_a-nano-freer.o)
 .ARM.attributes
                0x000005d2       0x2d c:/program files (x86)/cypress/psoc creator/4.2/psoc creator/import/gnu/arm/5.4.1/bin/../lib/gcc/arm-none-eabi/5.4.1/../../../../arm-none-eabi/lib/armv7-m\libg_nano.a(lib_a-nano-mallocr.o)
 .ARM.attributes
                0x000005ff       0x2d c:/program files (x86)/cypress/psoc creator/4.2/psoc creator/import/gnu/arm/5.4.1/bin/../lib/gcc/arm-none-eabi/5.4.1/../../../../arm-none-eabi/lib/armv7-m\libg_nano.a(lib_a-nano-reallocr.o)
 .ARM.attributes
                0x0000062c       0x2d c:/program files (x86)/cypress/psoc creator/4.2/psoc creator/import/gnu/arm/5.4.1/bin/../lib/gcc/arm-none-eabi/5.4.1/../../../../arm-none-eabi/lib/armv7-m\libg_nano.a(lib_a-sbrkr.o)
 .ARM.attributes
                0x00000659       0x2d c:/program files (x86)/cypress/psoc creator/4.2/psoc creator/import/gnu/arm/5.4.1/bin/../lib/gcc/arm-none-eabi/5.4.1/../../../../arm-none-eabi/lib/armv7-m\libg_nano.a(lib_a-mlock.o)
 .ARM.attributes
                0x00000686       0x2d c:/program files (x86)/cypress/psoc creator/4.2/psoc creator/import/gnu/arm/5.4.1/bin/../lib/gcc/arm-none-eabi/5.4.1/../../../../arm-none-eabi/lib/armv7-m\libg_nano.a(lib_a-nano-msizer.o)
 .ARM.attributes
                0x000006b3       0x2d c:/program files (x86)/cypress/psoc creator/4.2/psoc creator/import/gnu/arm/5.4.1/bin/../lib/gcc/arm-none-eabi/5.4.1/../../../../arm-none-eabi/lib/armv7-m\libg_nano.a(lib_a-reent.o)
 .ARM.attributes
                0x000006e0       0x2d c:/program files (x86)/cypress/psoc creator/4.2/psoc creator/import/gnu/arm/5.4.1/bin/../lib/gcc/arm-none-eabi/5.4.1/armv7-m/crtend.o
 .ARM.attributes
                0x0000070d       0x1d c:/program files (x86)/cypress/psoc creator/4.2/psoc creator/import/gnu/arm/5.4.1/bin/../lib/gcc/arm-none-eabi/5.4.1/armv7-m/crtn.o

/DISCARD/
 *(.note.GNU-stack)
OUTPUT(C:\Users\LASER_2\Documents\PSoC Creator\gp2y0e03_Psoc_5\Workspace01\SensorDistancia.cydsn\CortexM3\ARM_GCC_541\Debug\SensorDistancia.elf elf32-littlearm)
